<?xml version="1.0"?>
<link_info>
   <banner>TI ARM Linker PC v5.2.5</banner>
   <copyright>Copyright (c) 1996-2015 Texas Instruments Incorporated</copyright>
   <link_time>0x5748e0f8</link_time>
   <link_errors>0x0</link_errors>
   <output_file>ssl_Restful_API_AWS_SDK1.2.0_PORT.out</output_file>
   <entry_point>
      <name>_c_int00</name>
      <address>0x2000e86d</address>
   </entry_point>
   <input_file_list>
      <input_file id="fl-2">
         <path>.\</path>
         <kind>object</kind>
         <file>Adafruit_GFX.obj</file>
         <name>Adafruit_GFX.obj</name>
      </input_file>
      <input_file id="fl-3">
         <path>.\</path>
         <kind>object</kind>
         <file>Adafruit_OLED.obj</file>
         <name>Adafruit_OLED.obj</name>
      </input_file>
      <input_file id="fl-4">
         <path>.\</path>
         <kind>object</kind>
         <file>gpio_if.obj</file>
         <name>gpio_if.obj</name>
      </input_file>
      <input_file id="fl-5">
         <path>.\</path>
         <kind>object</kind>
         <file>main.obj</file>
         <name>main.obj</name>
      </input_file>
      <input_file id="fl-6">
         <path>.\</path>
         <kind>object</kind>
         <file>network_common.obj</file>
         <name>network_common.obj</name>
      </input_file>
      <input_file id="fl-7">
         <path>.\</path>
         <kind>object</kind>
         <file>pinmux.obj</file>
         <name>pinmux.obj</name>
      </input_file>
      <input_file id="fl-8">
         <path>.\</path>
         <kind>object</kind>
         <file>startup_ccs.obj</file>
         <name>startup_ccs.obj</name>
      </input_file>
      <input_file id="fl-9">
         <path>.\</path>
         <kind>object</kind>
         <file>test.obj</file>
         <name>test.obj</name>
      </input_file>
      <input_file id="fl-a">
         <path>.\</path>
         <kind>object</kind>
         <file>uart_if.obj</file>
         <name>uart_if.obj</name>
      </input_file>
      <input_file id="fl-132">
         <path>C:\ti\ccsv6\tools\compiler\ti-cgt-arm_5.2.5\lib\</path>
         <kind>archive</kind>
         <file>rtsv7M4_T_le_eabi.lib</file>
         <name>boot.obj</name>
      </input_file>
      <input_file id="fl-133">
         <path>C:\ti\ccsv6\tools\compiler\ti-cgt-arm_5.2.5\lib\</path>
         <kind>archive</kind>
         <file>rtsv7M4_T_le_eabi.lib</file>
         <name>copy_decompress_none.obj</name>
      </input_file>
      <input_file id="fl-134">
         <path>C:\ti\ccsv6\tools\compiler\ti-cgt-arm_5.2.5\lib\</path>
         <kind>archive</kind>
         <file>rtsv7M4_T_le_eabi.lib</file>
         <name>copy_decompress_rle.obj</name>
      </input_file>
      <input_file id="fl-135">
         <path>C:\ti\ccsv6\tools\compiler\ti-cgt-arm_5.2.5\lib\</path>
         <kind>archive</kind>
         <file>rtsv7M4_T_le_eabi.lib</file>
         <name>copy_zero_init.obj</name>
      </input_file>
      <input_file id="fl-136">
         <path>C:\ti\ccsv6\tools\compiler\ti-cgt-arm_5.2.5\lib\</path>
         <kind>archive</kind>
         <file>rtsv7M4_T_le_eabi.lib</file>
         <name>exit.obj</name>
      </input_file>
      <input_file id="fl-137">
         <path>C:\ti\ccsv6\tools\compiler\ti-cgt-arm_5.2.5\lib\</path>
         <kind>archive</kind>
         <file>rtsv7M4_T_le_eabi.lib</file>
         <name>ll_lsl_t2.obj</name>
      </input_file>
      <input_file id="fl-138">
         <path>C:\ti\ccsv6\tools\compiler\ti-cgt-arm_5.2.5\lib\</path>
         <kind>archive</kind>
         <file>rtsv7M4_T_le_eabi.lib</file>
         <name>memcpy_t2.obj</name>
      </input_file>
      <input_file id="fl-139">
         <path>C:\ti\ccsv6\tools\compiler\ti-cgt-arm_5.2.5\lib\</path>
         <kind>archive</kind>
         <file>rtsv7M4_T_le_eabi.lib</file>
         <name>memmov.obj</name>
      </input_file>
      <input_file id="fl-13a">
         <path>C:\ti\ccsv6\tools\compiler\ti-cgt-arm_5.2.5\lib\</path>
         <kind>archive</kind>
         <file>rtsv7M4_T_le_eabi.lib</file>
         <name>memory.obj</name>
      </input_file>
      <input_file id="fl-13b">
         <path>C:\ti\ccsv6\tools\compiler\ti-cgt-arm_5.2.5\lib\</path>
         <kind>archive</kind>
         <file>rtsv7M4_T_le_eabi.lib</file>
         <name>memset_t2.obj</name>
      </input_file>
      <input_file id="fl-13c">
         <path>C:\ti\ccsv6\tools\compiler\ti-cgt-arm_5.2.5\lib\</path>
         <kind>archive</kind>
         <file>rtsv7M4_T_le_eabi.lib</file>
         <name>pre_init.obj</name>
      </input_file>
      <input_file id="fl-13d">
         <path>C:\ti\ccsv6\tools\compiler\ti-cgt-arm_5.2.5\lib\</path>
         <kind>archive</kind>
         <file>rtsv7M4_T_le_eabi.lib</file>
         <name>printf.obj</name>
      </input_file>
      <input_file id="fl-13e">
         <path>C:\ti\ccsv6\tools\compiler\ti-cgt-arm_5.2.5\lib\</path>
         <kind>archive</kind>
         <file>rtsv7M4_T_le_eabi.lib</file>
         <name>sprintf.obj</name>
      </input_file>
      <input_file id="fl-13f">
         <path>C:\ti\ccsv6\tools\compiler\ti-cgt-arm_5.2.5\lib\</path>
         <kind>archive</kind>
         <file>rtsv7M4_T_le_eabi.lib</file>
         <name>stkdepth_vars.obj</name>
      </input_file>
      <input_file id="fl-140">
         <path>C:\ti\ccsv6\tools\compiler\ti-cgt-arm_5.2.5\lib\</path>
         <kind>archive</kind>
         <file>rtsv7M4_T_le_eabi.lib</file>
         <name>strcpy.obj</name>
      </input_file>
      <input_file id="fl-141">
         <path>C:\ti\ccsv6\tools\compiler\ti-cgt-arm_5.2.5\lib\</path>
         <kind>archive</kind>
         <file>rtsv7M4_T_le_eabi.lib</file>
         <name>strlen.obj</name>
      </input_file>
      <input_file id="fl-142">
         <path>C:\ti\ccsv6\tools\compiler\ti-cgt-arm_5.2.5\lib\</path>
         <kind>archive</kind>
         <file>rtsv7M4_T_le_eabi.lib</file>
         <name>vsnprintf.obj</name>
      </input_file>
      <input_file id="fl-143">
         <path>C:\ti\ccsv6\tools\compiler\ti-cgt-arm_5.2.5\lib\</path>
         <kind>archive</kind>
         <file>rtsv7M4_T_le_eabi.lib</file>
         <name>_lock.obj</name>
      </input_file>
      <input_file id="fl-144">
         <path>C:\ti\ccsv6\tools\compiler\ti-cgt-arm_5.2.5\lib\</path>
         <kind>archive</kind>
         <file>rtsv7M4_T_le_eabi.lib</file>
         <name>_printfi.obj</name>
      </input_file>
      <input_file id="fl-145">
         <path>C:\ti\ccsv6\tools\compiler\ti-cgt-arm_5.2.5\lib\</path>
         <kind>archive</kind>
         <file>rtsv7M4_T_le_eabi.lib</file>
         <name>args_main.obj</name>
      </input_file>
      <input_file id="fl-146">
         <path>C:\ti\ccsv6\tools\compiler\ti-cgt-arm_5.2.5\lib\</path>
         <kind>archive</kind>
         <file>rtsv7M4_T_le_eabi.lib</file>
         <name>atoi.obj</name>
      </input_file>
      <input_file id="fl-147">
         <path>C:\ti\ccsv6\tools\compiler\ti-cgt-arm_5.2.5\lib\</path>
         <kind>archive</kind>
         <file>rtsv7M4_T_le_eabi.lib</file>
         <name>autoinit.obj</name>
      </input_file>
      <input_file id="fl-148">
         <path>C:\ti\ccsv6\tools\compiler\ti-cgt-arm_5.2.5\lib\</path>
         <kind>archive</kind>
         <file>rtsv7M4_T_le_eabi.lib</file>
         <name>cpy_tbl.obj</name>
      </input_file>
      <input_file id="fl-149">
         <path>C:\ti\ccsv6\tools\compiler\ti-cgt-arm_5.2.5\lib\</path>
         <kind>archive</kind>
         <file>rtsv7M4_T_le_eabi.lib</file>
         <name>ctype.obj</name>
      </input_file>
      <input_file id="fl-14a">
         <path>C:\ti\ccsv6\tools\compiler\ti-cgt-arm_5.2.5\lib\</path>
         <kind>archive</kind>
         <file>rtsv7M4_T_le_eabi.lib</file>
         <name>defs.obj</name>
      </input_file>
      <input_file id="fl-14b">
         <path>C:\ti\ccsv6\tools\compiler\ti-cgt-arm_5.2.5\lib\</path>
         <kind>archive</kind>
         <file>rtsv7M4_T_le_eabi.lib</file>
         <name>fd_add_t2.obj</name>
      </input_file>
      <input_file id="fl-14c">
         <path>C:\ti\ccsv6\tools\compiler\ti-cgt-arm_5.2.5\lib\</path>
         <kind>archive</kind>
         <file>rtsv7M4_T_le_eabi.lib</file>
         <name>fd_cmp_t2.obj</name>
      </input_file>
      <input_file id="fl-14d">
         <path>C:\ti\ccsv6\tools\compiler\ti-cgt-arm_5.2.5\lib\</path>
         <kind>archive</kind>
         <file>rtsv7M4_T_le_eabi.lib</file>
         <name>fd_div_t2.obj</name>
      </input_file>
      <input_file id="fl-14e">
         <path>C:\ti\ccsv6\tools\compiler\ti-cgt-arm_5.2.5\lib\</path>
         <kind>archive</kind>
         <file>rtsv7M4_T_le_eabi.lib</file>
         <name>fd_mul_t2.obj</name>
      </input_file>
      <input_file id="fl-14f">
         <path>C:\ti\ccsv6\tools\compiler\ti-cgt-arm_5.2.5\lib\</path>
         <kind>archive</kind>
         <file>rtsv7M4_T_le_eabi.lib</file>
         <name>fd_toi_t2.obj</name>
      </input_file>
      <input_file id="fl-150">
         <path>C:\ti\ccsv6\tools\compiler\ti-cgt-arm_5.2.5\lib\</path>
         <kind>archive</kind>
         <file>rtsv7M4_T_le_eabi.lib</file>
         <name>fputc.obj</name>
      </input_file>
      <input_file id="fl-151">
         <path>C:\ti\ccsv6\tools\compiler\ti-cgt-arm_5.2.5\lib\</path>
         <kind>archive</kind>
         <file>rtsv7M4_T_le_eabi.lib</file>
         <name>fputs.obj</name>
      </input_file>
      <input_file id="fl-152">
         <path>C:\ti\ccsv6\tools\compiler\ti-cgt-arm_5.2.5\lib\</path>
         <kind>archive</kind>
         <file>rtsv7M4_T_le_eabi.lib</file>
         <name>frexp.obj</name>
      </input_file>
      <input_file id="fl-153">
         <path>C:\ti\ccsv6\tools\compiler\ti-cgt-arm_5.2.5\lib\</path>
         <kind>archive</kind>
         <file>rtsv7M4_T_le_eabi.lib</file>
         <name>i_tofd_t2.obj</name>
      </input_file>
      <input_file id="fl-154">
         <path>C:\ti\ccsv6\tools\compiler\ti-cgt-arm_5.2.5\lib\</path>
         <kind>archive</kind>
         <file>rtsv7M4_T_le_eabi.lib</file>
         <name>ldexp.obj</name>
      </input_file>
      <input_file id="fl-155">
         <path>C:\ti\ccsv6\tools\compiler\ti-cgt-arm_5.2.5\lib\</path>
         <kind>archive</kind>
         <file>rtsv7M4_T_le_eabi.lib</file>
         <name>lowlev.obj</name>
      </input_file>
      <input_file id="fl-156">
         <path>C:\ti\ccsv6\tools\compiler\ti-cgt-arm_5.2.5\lib\</path>
         <kind>archive</kind>
         <file>rtsv7M4_T_le_eabi.lib</file>
         <name>ltoa.obj</name>
      </input_file>
      <input_file id="fl-157">
         <path>C:\ti\ccsv6\tools\compiler\ti-cgt-arm_5.2.5\lib\</path>
         <kind>archive</kind>
         <file>rtsv7M4_T_le_eabi.lib</file>
         <name>memccpy.obj</name>
      </input_file>
      <input_file id="fl-158">
         <path>C:\ti\ccsv6\tools\compiler\ti-cgt-arm_5.2.5\lib\</path>
         <kind>archive</kind>
         <file>rtsv7M4_T_le_eabi.lib</file>
         <name>memchr.obj</name>
      </input_file>
      <input_file id="fl-159">
         <path>C:\ti\ccsv6\tools\compiler\ti-cgt-arm_5.2.5\lib\</path>
         <kind>archive</kind>
         <file>rtsv7M4_T_le_eabi.lib</file>
         <name>strchr.obj</name>
      </input_file>
      <input_file id="fl-15a">
         <path>C:\ti\ccsv6\tools\compiler\ti-cgt-arm_5.2.5\lib\</path>
         <kind>archive</kind>
         <file>rtsv7M4_T_le_eabi.lib</file>
         <name>strcmp.obj</name>
      </input_file>
      <input_file id="fl-15b">
         <path>C:\ti\ccsv6\tools\compiler\ti-cgt-arm_5.2.5\lib\</path>
         <kind>archive</kind>
         <file>rtsv7M4_T_le_eabi.lib</file>
         <name>strncpy.obj</name>
      </input_file>
      <input_file id="fl-15c">
         <path>C:\ti\ccsv6\tools\compiler\ti-cgt-arm_5.2.5\lib\</path>
         <kind>archive</kind>
         <file>rtsv7M4_T_le_eabi.lib</file>
         <name>trgdrv.obj</name>
      </input_file>
      <input_file id="fl-15d">
         <path>C:\ti\ccsv6\tools\compiler\ti-cgt-arm_5.2.5\lib\</path>
         <kind>archive</kind>
         <file>rtsv7M4_T_le_eabi.lib</file>
         <name>trgmsg.obj</name>
      </input_file>
      <input_file id="fl-15e">
         <path>C:\ti\ccsv6\tools\compiler\ti-cgt-arm_5.2.5\lib\</path>
         <kind>archive</kind>
         <file>rtsv7M4_T_le_eabi.lib</file>
         <name>ull_div_t2.obj</name>
      </input_file>
      <input_file id="fl-15f">
         <path>C:\ti\ccsv6\tools\compiler\ti-cgt-arm_5.2.5\lib\</path>
         <kind>archive</kind>
         <file>rtsv7M4_T_le_eabi.lib</file>
         <name>xdclass.obj</name>
      </input_file>
      <input_file id="fl-160">
         <path>C:\ti\ccsv6\tools\compiler\ti-cgt-arm_5.2.5\lib\</path>
         <kind>archive</kind>
         <file>rtsv7M4_T_le_eabi.lib</file>
         <name>xdscale.obj</name>
      </input_file>
      <input_file id="fl-161">
         <path>C:\ti\ccsv6\tools\compiler\ti-cgt-arm_5.2.5\lib\</path>
         <kind>archive</kind>
         <file>rtsv7M4_T_le_eabi.lib</file>
         <name>xdunscal.obj</name>
      </input_file>
      <input_file id="fl-162">
         <path>C:\ti\ccsv6\tools\compiler\ti-cgt-arm_5.2.5\lib\</path>
         <kind>archive</kind>
         <file>rtsv7M4_T_le_eabi.lib</file>
         <name>xferaise.obj</name>
      </input_file>
      <input_file id="fl-163">
         <path>C:\ti\ccsv6\tools\compiler\ti-cgt-arm_5.2.5\lib\</path>
         <kind>archive</kind>
         <file>rtsv7M4_T_le_eabi.lib</file>
         <name>xvalues.obj</name>
      </input_file>
      <input_file id="fl-164">
         <path>C:\ti\ccsv6\tools\compiler\ti-cgt-arm_5.2.5\lib\</path>
         <kind>archive</kind>
         <file>rtsv7M4_T_le_eabi.lib</file>
         <name>_io_perm.obj</name>
      </input_file>
      <input_file id="fl-165">
         <path>C:\ti\ccsv6\tools\compiler\ti-cgt-arm_5.2.5\lib\</path>
         <kind>archive</kind>
         <file>rtsv7M4_T_le_eabi.lib</file>
         <name>errno.obj</name>
      </input_file>
      <input_file id="fl-166">
         <path>C:\ti\ccsv6\tools\compiler\ti-cgt-arm_5.2.5\lib\</path>
         <kind>archive</kind>
         <file>rtsv7M4_T_le_eabi.lib</file>
         <name>feraiseexcept.obj</name>
      </input_file>
      <input_file id="fl-167">
         <path>C:\ti\ccsv6\tools\compiler\ti-cgt-arm_5.2.5\lib\</path>
         <kind>archive</kind>
         <file>rtsv7M4_T_le_eabi.lib</file>
         <name>fflush.obj</name>
      </input_file>
      <input_file id="fl-168">
         <path>C:\ti\ccsv6\tools\compiler\ti-cgt-arm_5.2.5\lib\</path>
         <kind>archive</kind>
         <file>rtsv7M4_T_le_eabi.lib</file>
         <name>fseek.obj</name>
      </input_file>
      <input_file id="fl-169">
         <path>C:\ti\ccsv6\tools\compiler\ti-cgt-arm_5.2.5\lib\</path>
         <kind>archive</kind>
         <file>rtsv7M4_T_le_eabi.lib</file>
         <name>raise.obj</name>
      </input_file>
      <input_file id="fl-16a">
         <path>C:\ti\ccsv6\tools\compiler\ti-cgt-arm_5.2.5\lib\</path>
         <kind>archive</kind>
         <file>rtsv7M4_T_le_eabi.lib</file>
         <name>setvbuf.obj</name>
      </input_file>
      <input_file id="fl-16b">
         <path>C:\ti\ccsv6\tools\compiler\ti-cgt-arm_5.2.5\lib\</path>
         <kind>archive</kind>
         <file>rtsv7M4_T_le_eabi.lib</file>
         <name>signal.obj</name>
      </input_file>
      <input_file id="fl-16c">
         <path>C:\ti\ccsv6\tools\compiler\ti-cgt-arm_5.2.5\lib\</path>
         <kind>archive</kind>
         <file>rtsv7M4_T_le_eabi.lib</file>
         <name>xdnorm.obj</name>
      </input_file>
      <input_file id="fl-16d">
         <path>C:\ti\ccsv6\tools\compiler\ti-cgt-arm_5.2.5\lib\</path>
         <kind>archive</kind>
         <file>rtsv7M4_T_le_eabi.lib</file>
         <name>fopen.obj</name>
      </input_file>
      <input_file id="fl-16e">
         <path>C:\ti\ccsv6\tools\compiler\ti-cgt-arm_5.2.5\lib\</path>
         <kind>archive</kind>
         <file>rtsv7M4_T_le_eabi.lib</file>
         <name>fclose.obj</name>
      </input_file>
      <input_file id="fl-16f">
         <path>C:\ti\ccsv6\tools\compiler\ti-cgt-arm_5.2.5\lib\</path>
         <kind>archive</kind>
         <file>rtsv7M4_T_le_eabi.lib</file>
         <name>remove.obj</name>
      </input_file>
      <input_file id="fl-170">
         <path>C:\ti\CC3200SDK_1.2.0\cc3200-sdk\driverlib\ccs\Release\</path>
         <kind>archive</kind>
         <file>driverlib.a</file>
         <name>gpio.obj</name>
      </input_file>
      <input_file id="fl-171">
         <path>C:\ti\CC3200SDK_1.2.0\cc3200-sdk\driverlib\ccs\Release\</path>
         <kind>archive</kind>
         <file>driverlib.a</file>
         <name>interrupt.obj</name>
      </input_file>
      <input_file id="fl-172">
         <path>C:\ti\CC3200SDK_1.2.0\cc3200-sdk\driverlib\ccs\Release\</path>
         <kind>archive</kind>
         <file>driverlib.a</file>
         <name>pin.obj</name>
      </input_file>
      <input_file id="fl-173">
         <path>C:\ti\CC3200SDK_1.2.0\cc3200-sdk\driverlib\ccs\Release\</path>
         <kind>archive</kind>
         <file>driverlib.a</file>
         <name>prcm.obj</name>
      </input_file>
      <input_file id="fl-174">
         <path>C:\ti\CC3200SDK_1.2.0\cc3200-sdk\driverlib\ccs\Release\</path>
         <kind>archive</kind>
         <file>driverlib.a</file>
         <name>spi.obj</name>
      </input_file>
      <input_file id="fl-175">
         <path>C:\ti\CC3200SDK_1.2.0\cc3200-sdk\driverlib\ccs\Release\</path>
         <kind>archive</kind>
         <file>driverlib.a</file>
         <name>systick.obj</name>
      </input_file>
      <input_file id="fl-176">
         <path>C:\ti\CC3200SDK_1.2.0\cc3200-sdk\driverlib\ccs\Release\</path>
         <kind>archive</kind>
         <file>driverlib.a</file>
         <name>uart.obj</name>
      </input_file>
      <input_file id="fl-177">
         <path>C:\ti\CC3200SDK_1.2.0\cc3200-sdk\driverlib\ccs\Release\</path>
         <kind>archive</kind>
         <file>driverlib.a</file>
         <name>utils.obj</name>
      </input_file>
      <input_file id="fl-178">
         <path>C:\ti\CC3200SDK_1.2.0\cc3200-sdk\driverlib\ccs\Release\</path>
         <kind>archive</kind>
         <file>driverlib.a</file>
         <name>cpu.obj</name>
      </input_file>
      <input_file id="fl-179">
         <path>C:\ti\CC3200SDK_1.2.0\cc3200-sdk\driverlib\ccs\Release\</path>
         <kind>archive</kind>
         <file>driverlib.a</file>
         <name>flash.obj</name>
      </input_file>
      <input_file id="fl-17a">
         <path>C:\ti\CC3200SDK_1.2.0\cc3200-sdk\simplelink\ccs\NON_OS\</path>
         <kind>archive</kind>
         <file>simplelink.a</file>
         <name>device.obj</name>
      </input_file>
      <input_file id="fl-17b">
         <path>C:\ti\CC3200SDK_1.2.0\cc3200-sdk\simplelink\ccs\NON_OS\</path>
         <kind>archive</kind>
         <file>simplelink.a</file>
         <name>driver.obj</name>
      </input_file>
      <input_file id="fl-17c">
         <path>C:\ti\CC3200SDK_1.2.0\cc3200-sdk\simplelink\ccs\NON_OS\</path>
         <kind>archive</kind>
         <file>simplelink.a</file>
         <name>netapp.obj</name>
      </input_file>
      <input_file id="fl-17d">
         <path>C:\ti\CC3200SDK_1.2.0\cc3200-sdk\simplelink\ccs\NON_OS\</path>
         <kind>archive</kind>
         <file>simplelink.a</file>
         <name>netcfg.obj</name>
      </input_file>
      <input_file id="fl-17e">
         <path>C:\ti\CC3200SDK_1.2.0\cc3200-sdk\simplelink\ccs\NON_OS\</path>
         <kind>archive</kind>
         <file>simplelink.a</file>
         <name>nonos.obj</name>
      </input_file>
      <input_file id="fl-17f">
         <path>C:\ti\CC3200SDK_1.2.0\cc3200-sdk\simplelink\ccs\NON_OS\</path>
         <kind>archive</kind>
         <file>simplelink.a</file>
         <name>socket.obj</name>
      </input_file>
      <input_file id="fl-180">
         <path>C:\ti\CC3200SDK_1.2.0\cc3200-sdk\simplelink\ccs\NON_OS\</path>
         <kind>archive</kind>
         <file>simplelink.a</file>
         <name>wlan.obj</name>
      </input_file>
      <input_file id="fl-181">
         <path>C:\ti\CC3200SDK_1.2.0\cc3200-sdk\simplelink\ccs\NON_OS\</path>
         <kind>archive</kind>
         <file>simplelink.a</file>
         <name>cc_pal.obj</name>
      </input_file>
      <input_file id="fl-182">
         <path>C:\ti\CC3200SDK_1.2.0\cc3200-sdk\driverlib\ccs\Release\</path>
         <kind>archive</kind>
         <file>driverlib.a</file>
         <name>udma.obj</name>
      </input_file>
   </input_file_list>
   <object_component_list>
      <object_component id="oc-f">
         <name>.intvecs</name>
         <load_address>0x20004000</load_address>
         <run_address>0x20004000</run_address>
         <size>0x400</size>
         <input_file_ref idref="fl-8"/>
      </object_component>
      <object_component id="oc-9f">
         <name>.text</name>
         <load_address>0x20004400</load_address>
         <run_address>0x20004400</run_address>
         <size>0x1b09</size>
         <input_file_ref idref="fl-5"/>
      </object_component>
      <object_component id="oc-6c8">
         <name>.text:IntDefaultHandler</name>
         <load_address>0x20005f0a</load_address>
         <run_address>0x20005f0a</run_address>
         <size>0x2</size>
         <input_file_ref idref="fl-171"/>
      </object_component>
      <object_component id="oc-470">
         <name>.text</name>
         <load_address>0x20005f0c</load_address>
         <run_address>0x20005f0c</run_address>
         <size>0x10a6</size>
         <input_file_ref idref="fl-144"/>
      </object_component>
      <object_component id="oc-1bf">
         <name>.text</name>
         <load_address>0x20006fb4</load_address>
         <run_address>0x20006fb4</run_address>
         <size>0xa80</size>
         <input_file_ref idref="fl-2"/>
      </object_component>
      <object_component id="oc-6d6">
         <name>.text:_SlDrvMsgRead</name>
         <load_address>0x20007a34</load_address>
         <run_address>0x20007a34</run_address>
         <size>0x590</size>
         <input_file_ref idref="fl-17b"/>
      </object_component>
      <object_component id="oc-22b">
         <name>.text</name>
         <load_address>0x20007fc4</load_address>
         <run_address>0x20007fc4</run_address>
         <size>0x476</size>
         <input_file_ref idref="fl-3"/>
      </object_component>
      <object_component id="oc-2b2">
         <name>.text</name>
         <load_address>0x2000843c</load_address>
         <run_address>0x2000843c</run_address>
         <size>0x3dc</size>
         <input_file_ref idref="fl-13a"/>
      </object_component>
      <object_component id="oc-148">
         <name>.text</name>
         <load_address>0x20008818</load_address>
         <run_address>0x20008818</run_address>
         <size>0x39c</size>
         <input_file_ref idref="fl-4"/>
      </object_component>
      <object_component id="oc-5f2">
         <name>.text</name>
         <load_address>0x20008bb4</load_address>
         <run_address>0x20008bb4</run_address>
         <size>0x30c</size>
         <input_file_ref idref="fl-155"/>
      </object_component>
      <object_component id="oc-7e0">
         <name>.text</name>
         <load_address>0x20008ec0</load_address>
         <run_address>0x20008ec0</run_address>
         <size>0x2d4</size>
         <input_file_ref idref="fl-15c"/>
      </object_component>
      <object_component id="oc-cc">
         <name>.text</name>
         <load_address>0x20009194</load_address>
         <run_address>0x20009194</run_address>
         <size>0x280</size>
         <input_file_ref idref="fl-a"/>
      </object_component>
      <object_component id="oc-142">
         <name>.text:sl_WlanConnect</name>
         <load_address>0x20009414</load_address>
         <run_address>0x20009414</run_address>
         <size>0x260</size>
         <input_file_ref idref="fl-180"/>
      </object_component>
      <object_component id="oc-77f">
         <name>.text:_SlDrvRxHdrRead</name>
         <load_address>0x20009674</load_address>
         <run_address>0x20009674</run_address>
         <size>0x1fc</size>
         <input_file_ref idref="fl-17b"/>
      </object_component>
      <object_component id="oc-602">
         <name>.text</name>
         <load_address>0x20009870</load_address>
         <run_address>0x20009870</run_address>
         <size>0x1f4</size>
         <input_file_ref idref="fl-15e"/>
      </object_component>
      <object_component id="oc-4a6">
         <name>.text:_SlDrvDataReadOp</name>
         <load_address>0x20009a64</load_address>
         <run_address>0x20009a64</run_address>
         <size>0x1e4</size>
         <input_file_ref idref="fl-17b"/>
      </object_component>
      <object_component id="oc-305">
         <name>.text:_SlDrvReleasePoolObj</name>
         <load_address>0x20009c48</load_address>
         <run_address>0x20009c48</run_address>
         <size>0x1d0</size>
         <input_file_ref idref="fl-17b"/>
      </object_component>
      <object_component id="oc-7c9">
         <name>.text</name>
         <load_address>0x20009e18</load_address>
         <run_address>0x20009e18</run_address>
         <size>0x1c4</size>
         <input_file_ref idref="fl-16d"/>
      </object_component>
      <object_component id="oc-62b">
         <name>.text</name>
         <load_address>0x20009fdc</load_address>
         <run_address>0x20009fdc</run_address>
         <size>0x1b6</size>
         <input_file_ref idref="fl-14b"/>
      </object_component>
      <object_component id="oc-2db">
         <name>.text:_SlDrvDriverCBInit</name>
         <load_address>0x2000a194</load_address>
         <run_address>0x2000a194</run_address>
         <size>0x1b4</size>
         <input_file_ref idref="fl-17b"/>
      </object_component>
      <object_component id="oc-577">
         <name>.text:_SlDrvMsgWrite</name>
         <load_address>0x2000a348</load_address>
         <run_address>0x2000a348</run_address>
         <size>0x19c</size>
         <input_file_ref idref="fl-17b"/>
      </object_component>
      <object_component id="oc-3d7">
         <name>.text:_SlDrvWaitForPoolObj</name>
         <load_address>0x2000a4e4</load_address>
         <run_address>0x2000a4e4</run_address>
         <size>0x190</size>
         <input_file_ref idref="fl-17b"/>
      </object_component>
      <object_component id="oc-13c">
         <name>.text:PRCMCC3200MCUInit</name>
         <load_address>0x2000a674</load_address>
         <run_address>0x2000a674</run_address>
         <size>0x178</size>
         <input_file_ref idref="fl-173"/>
      </object_component>
      <object_component id="oc-791">
         <name>.text:_SlFindAndSetActiveObj</name>
         <load_address>0x2000a7ec</load_address>
         <run_address>0x2000a7ec</run_address>
         <size>0x170</size>
         <input_file_ref idref="fl-17b"/>
      </object_component>
      <object_component id="oc-17d">
         <name>.text:sl_Connect</name>
         <load_address>0x2000a95c</load_address>
         <run_address>0x2000a95c</run_address>
         <size>0x16c</size>
         <input_file_ref idref="fl-17f"/>
      </object_component>
      <object_component id="oc-49e">
         <name>.text:_SlDrvDataWriteOp</name>
         <load_address>0x2000aac8</load_address>
         <run_address>0x2000aac8</run_address>
         <size>0x150</size>
         <input_file_ref idref="fl-17b"/>
      </object_component>
      <object_component id="oc-2e1">
         <name>.text:spi_Open</name>
         <load_address>0x2000ac18</load_address>
         <run_address>0x2000ac18</run_address>
         <size>0x148</size>
         <input_file_ref idref="fl-181"/>
      </object_component>
      <object_component id="oc-611">
         <name>.text</name>
         <load_address>0x2000ad60</load_address>
         <run_address>0x2000ad60</run_address>
         <size>0x136</size>
         <input_file_ref idref="fl-14d"/>
      </object_component>
      <object_component id="oc-46a">
         <name>.text</name>
         <load_address>0x2000ae98</load_address>
         <run_address>0x2000ae98</run_address>
         <size>0x134</size>
         <input_file_ref idref="fl-151"/>
      </object_component>
      <object_component id="oc-15f">
         <name>.text:sl_NetAppDnsGetHostByName</name>
         <load_address>0x2000afcc</load_address>
         <run_address>0x2000afcc</run_address>
         <size>0x12c</size>
         <input_file_ref idref="fl-17c"/>
      </object_component>
      <object_component id="oc-57d">
         <name>.text:_SlDrvMsgReadCmdCtx</name>
         <load_address>0x2000b0f8</load_address>
         <run_address>0x2000b0f8</run_address>
         <size>0x128</size>
         <input_file_ref idref="fl-17b"/>
      </object_component>
      <object_component id="oc-344">
         <name>.text:_SlDrvDriverCBDeinit</name>
         <load_address>0x2000b220</load_address>
         <run_address>0x2000b220</run_address>
         <size>0x124</size>
         <input_file_ref idref="fl-17b"/>
      </object_component>
      <object_component id="oc-24c">
         <name>.text:sl_Send</name>
         <load_address>0x2000b344</load_address>
         <run_address>0x2000b344</run_address>
         <size>0x118</size>
         <input_file_ref idref="fl-17f"/>
      </object_component>
      <object_component id="oc-74c">
         <name>.text</name>
         <load_address>0x2000b45c</load_address>
         <run_address>0x2000b45c</run_address>
         <size>0x110</size>
         <input_file_ref idref="fl-160"/>
      </object_component>
      <object_component id="oc-81f">
         <name>.text:_SlDrvNetAppEventHandler</name>
         <load_address>0x2000b56c</load_address>
         <run_address>0x2000b56c</run_address>
         <size>0x104</size>
         <input_file_ref idref="fl-17c"/>
      </object_component>
      <object_component id="oc-60c">
         <name>.text</name>
         <load_address>0x2000b670</load_address>
         <run_address>0x2000b670</run_address>
         <size>0xfc</size>
         <input_file_ref idref="fl-14e"/>
      </object_component>
      <object_component id="oc-78b">
         <name>.text:spi_Read</name>
         <load_address>0x2000b76c</load_address>
         <run_address>0x2000b76c</run_address>
         <size>0xf0</size>
         <input_file_ref idref="fl-181"/>
      </object_component>
      <object_component id="oc-8d8">
         <name>.text:uDMAChannelTransferSet</name>
         <load_address>0x2000b85c</load_address>
         <run_address>0x2000b85c</run_address>
         <size>0xf0</size>
         <input_file_ref idref="fl-182"/>
      </object_component>
      <object_component id="oc-6dc">
         <name>.text:_SlAsyncEventGenericHandler</name>
         <load_address>0x2000b94c</load_address>
         <run_address>0x2000b94c</run_address>
         <size>0xe8</size>
         <input_file_ref idref="fl-17b"/>
      </object_component>
      <object_component id="oc-ed">
         <name>.text:sl_Stop</name>
         <load_address>0x2000ba34</load_address>
         <run_address>0x2000ba34</run_address>
         <size>0xe4</size>
         <input_file_ref idref="fl-17a"/>
      </object_component>
      <object_component id="oc-db">
         <name>.text:sl_Start</name>
         <load_address>0x2000bb18</load_address>
         <run_address>0x2000bb18</run_address>
         <size>0xe0</size>
         <input_file_ref idref="fl-17a"/>
      </object_component>
      <object_component id="oc-785">
         <name>.text:_SlDrvClassifyRxMsg</name>
         <load_address>0x2000bbf8</load_address>
         <run_address>0x2000bbf8</run_address>
         <size>0xdc</size>
         <input_file_ref idref="fl-17b"/>
      </object_component>
      <object_component id="oc-710">
         <name>.text</name>
         <load_address>0x2000bcd4</load_address>
         <run_address>0x2000bcd4</run_address>
         <size>0xdc</size>
         <input_file_ref idref="fl-16a"/>
      </object_component>
      <object_component id="oc-55e">
         <name>.text:_SlDrvMsgReadSpawnCtx</name>
         <load_address>0x2000bdb0</load_address>
         <run_address>0x2000bdb0</run_address>
         <size>0xd4</size>
         <input_file_ref idref="fl-17b"/>
      </object_component>
      <object_component id="oc-89c">
         <name>.text:_sl_HandleAsync_DnsGetHostByService</name>
         <load_address>0x2000be84</load_address>
         <run_address>0x2000be84</run_address>
         <size>0xcc</size>
         <input_file_ref idref="fl-17c"/>
      </object_component>
      <object_component id="oc-23a">
         <name>.text</name>
         <load_address>0x2000bf50</load_address>
         <run_address>0x2000bf50</run_address>
         <size>0xc8</size>
         <input_file_ref idref="fl-7"/>
      </object_component>
      <object_component id="oc-5ec">
         <name>.text</name>
         <load_address>0x2000c018</load_address>
         <run_address>0x2000c018</run_address>
         <size>0xc8</size>
         <input_file_ref idref="fl-167"/>
      </object_component>
      <object_component id="oc-373">
         <name>.text:sl_NetAppMDNSRegisterUnregisterService</name>
         <load_address>0x2000c0e0</load_address>
         <run_address>0x2000c0e0</run_address>
         <size>0xc8</size>
         <input_file_ref idref="fl-17c"/>
      </object_component>
      <object_component id="oc-53b">
         <name>.text:_SlRemoveFromList</name>
         <load_address>0x2000c1a8</load_address>
         <run_address>0x2000c1a8</run_address>
         <size>0xc4</size>
         <input_file_ref idref="fl-17b"/>
      </object_component>
      <object_component id="oc-32e">
         <name>.text:_SlDrvCmdOp</name>
         <load_address>0x2000c26c</load_address>
         <run_address>0x2000c26c</run_address>
         <size>0xc0</size>
         <input_file_ref idref="fl-17b"/>
      </object_component>
      <object_component id="oc-7f3">
         <name>.text</name>
         <load_address>0x2000c32c</load_address>
         <run_address>0x2000c32c</run_address>
         <size>0xbe</size>
         <input_file_ref idref="fl-16c"/>
      </object_component>
      <object_component id="oc-f3">
         <name>.text:sl_DevGet</name>
         <load_address>0x2000c3ec</load_address>
         <run_address>0x2000c3ec</run_address>
         <size>0xb4</size>
         <input_file_ref idref="fl-17a"/>
      </object_component>
      <object_component id="oc-5e6">
         <name>.text</name>
         <load_address>0x2000c4a0</load_address>
         <run_address>0x2000c4a0</run_address>
         <size>0xac</size>
         <input_file_ref idref="fl-164"/>
      </object_component>
      <object_component id="oc-51a">
         <name>.text:IntDisable</name>
         <load_address>0x2000c54c</load_address>
         <run_address>0x2000c54c</run_address>
         <size>0xa8</size>
         <input_file_ref idref="fl-171"/>
      </object_component>
      <object_component id="oc-136">
         <name>.text:IntEnable</name>
         <load_address>0x2000c5f4</load_address>
         <run_address>0x2000c5f4</run_address>
         <size>0xa8</size>
         <input_file_ref idref="fl-171"/>
      </object_component>
      <object_component id="oc-534">
         <name>.text:_SlDriverHandleError</name>
         <load_address>0x2000c69c</load_address>
         <run_address>0x2000c69c</run_address>
         <size>0xa4</size>
         <input_file_ref idref="fl-17b"/>
      </object_component>
      <object_component id="oc-195">
         <name>.text:SPIConfigSetExpClk</name>
         <load_address>0x2000c740</load_address>
         <run_address>0x2000c740</run_address>
         <size>0xa0</size>
         <input_file_ref idref="fl-174"/>
      </object_component>
      <object_component id="oc-36">
         <name>.text</name>
         <load_address>0x2000c7e0</load_address>
         <run_address>0x2000c7e0</run_address>
         <size>0x9c</size>
         <input_file_ref idref="fl-138"/>
      </object_component>
      <object_component id="oc-7af">
         <name>.text:_SlDrvDeviceEventHandler</name>
         <load_address>0x2000c87c</load_address>
         <run_address>0x2000c87c</run_address>
         <size>0x9a</size>
         <input_file_ref idref="fl-17a"/>
      </object_component>
      <object_component id="oc-85b">
         <name>.text</name>
         <load_address>0x2000c918</load_address>
         <run_address>0x2000c918</run_address>
         <size>0x98</size>
         <input_file_ref idref="fl-16e"/>
      </object_component>
      <object_component id="oc-464">
         <name>.text</name>
         <load_address>0x2000c9b0</load_address>
         <run_address>0x2000c9b0</run_address>
         <size>0x98</size>
         <input_file_ref idref="fl-150"/>
      </object_component>
      <object_component id="oc-6e5">
         <name>.text:spi_Write</name>
         <load_address>0x2000ca48</load_address>
         <run_address>0x2000ca48</run_address>
         <size>0x98</size>
         <input_file_ref idref="fl-181"/>
      </object_component>
      <object_component id="oc-18f">
         <name>.text:PRCMPeripheralClockGet</name>
         <load_address>0x2000cae0</load_address>
         <run_address>0x2000cae0</run_address>
         <size>0x94</size>
         <input_file_ref idref="fl-173"/>
      </object_component>
      <object_component id="oc-896">
         <name>.text:_sl_HandleAsync_DnsGetHostByName</name>
         <load_address>0x2000cb74</load_address>
         <run_address>0x2000cb74</run_address>
         <size>0x90</size>
         <input_file_ref idref="fl-17c"/>
      </object_component>
      <object_component id="oc-825">
         <name>.text:_sl_HandleAsync_PingResponse</name>
         <load_address>0x2000cc04</load_address>
         <run_address>0x2000cc04</run_address>
         <size>0x90</size>
         <input_file_ref idref="fl-17c"/>
      </object_component>
      <object_component id="oc-82c">
         <name>.text:SetupDMAReceive</name>
         <load_address>0x2000cc94</load_address>
         <run_address>0x2000cc94</run_address>
         <size>0x8c</size>
         <input_file_ref idref="fl-181"/>
      </object_component>
      <object_component id="oc-79c">
         <name>.text:SetupDMASend</name>
         <load_address>0x2000cd20</load_address>
         <run_address>0x2000cd20</run_address>
         <size>0x8c</size>
         <input_file_ref idref="fl-181"/>
      </object_component>
      <object_component id="oc-670">
         <name>.text:PinConfigSet</name>
         <load_address>0x2000cdac</load_address>
         <run_address>0x2000cdac</run_address>
         <size>0x88</size>
         <input_file_ref idref="fl-172"/>
      </object_component>
      <object_component id="oc-29a">
         <name>.text</name>
         <load_address>0x2000ce34</load_address>
         <run_address>0x2000ce34</run_address>
         <size>0x88</size>
         <input_file_ref idref="fl-142"/>
      </object_component>
      <object_component id="oc-258">
         <name>.text:sl_Recv</name>
         <load_address>0x2000cebc</load_address>
         <run_address>0x2000cebc</run_address>
         <size>0x88</size>
         <input_file_ref idref="fl-17f"/>
      </object_component>
      <object_component id="oc-607">
         <name>.text:__aeabi_cdcmple</name>
         <load_address>0x2000cf44</load_address>
         <run_address>0x2000cf44</run_address>
         <size>0x86</size>
         <input_file_ref idref="fl-14c"/>
      </object_component>
      <object_component id="oc-616">
         <name>.text:__aeabi_cdrcmple</name>
         <load_address>0x2000cfca</load_address>
         <run_address>0x2000cfca</run_address>
         <size>0x86</size>
         <input_file_ref idref="fl-14c"/>
      </object_component>
      <object_component id="oc-1fb">
         <name>.text:GPIOIntTypeSet</name>
         <load_address>0x2000d050</load_address>
         <run_address>0x2000d050</run_address>
         <size>0x82</size>
         <input_file_ref idref="fl-170"/>
      </object_component>
      <object_component id="oc-8be">
         <name>.text:_sl_HandleAsync_Connect</name>
         <load_address>0x2000d0d4</load_address>
         <run_address>0x2000d0d4</run_address>
         <size>0x80</size>
         <input_file_ref idref="fl-17f"/>
      </object_component>
      <object_component id="oc-848">
         <name>.text:_sl_HandleAsync_InitComplete</name>
         <load_address>0x2000d154</load_address>
         <run_address>0x2000d154</run_address>
         <size>0x80</size>
         <input_file_ref idref="fl-17a"/>
      </object_component>
      <object_component id="oc-832">
         <name>.text:spi_Read_CPU</name>
         <load_address>0x2000d1d4</load_address>
         <run_address>0x2000d1d4</run_address>
         <size>0x80</size>
         <input_file_ref idref="fl-181"/>
      </object_component>
      <object_component id="oc-7a8">
         <name>.text:spi_Write_CPU</name>
         <load_address>0x2000d254</load_address>
         <run_address>0x2000d254</run_address>
         <size>0x80</size>
         <input_file_ref idref="fl-181"/>
      </object_component>
      <object_component id="oc-14f">
         <name>.text:sl_DevSet</name>
         <load_address>0x2000d2d4</load_address>
         <run_address>0x2000d2d4</run_address>
         <size>0x7c</size>
         <input_file_ref idref="fl-17a"/>
      </object_component>
      <object_component id="oc-10b">
         <name>.text:sl_NetCfgSet</name>
         <load_address>0x2000d350</load_address>
         <run_address>0x2000d350</run_address>
         <size>0x7c</size>
         <input_file_ref idref="fl-17d"/>
      </object_component>
      <object_component id="oc-177">
         <name>.text:sl_SetSockOpt</name>
         <load_address>0x2000d3cc</load_address>
         <run_address>0x2000d3cc</run_address>
         <size>0x7c</size>
         <input_file_ref idref="fl-17f"/>
      </object_component>
      <object_component id="oc-111">
         <name>.text:sl_WlanSet</name>
         <load_address>0x2000d448</load_address>
         <run_address>0x2000d448</run_address>
         <size>0x7c</size>
         <input_file_ref idref="fl-180"/>
      </object_component>
      <object_component id="oc-4f">
         <name>.text</name>
         <load_address>0x2000d4c4</load_address>
         <run_address>0x2000d4c4</run_address>
         <size>0x7a</size>
         <input_file_ref idref="fl-13b"/>
      </object_component>
      <object_component id="oc-4ce">
         <name>.text:_SlNonOsSemGet</name>
         <load_address>0x2000d540</load_address>
         <run_address>0x2000d540</run_address>
         <size>0x78</size>
         <input_file_ref idref="fl-17e"/>
      </object_component>
      <object_component id="oc-f9">
         <name>.text:sl_WlanPolicySet</name>
         <load_address>0x2000d5b8</load_address>
         <run_address>0x2000d5b8</run_address>
         <size>0x78</size>
         <input_file_ref idref="fl-180"/>
      </object_component>
      <object_component id="oc-33e">
         <name>.text:spi_Close</name>
         <load_address>0x2000d630</load_address>
         <run_address>0x2000d630</run_address>
         <size>0x78</size>
         <input_file_ref idref="fl-181"/>
      </object_component>
      <object_component id="oc-1c5">
         <name>.text:UARTConfigSetExpClk</name>
         <load_address>0x2000d6a8</load_address>
         <run_address>0x2000d6a8</run_address>
         <size>0x76</size>
         <input_file_ref idref="fl-176"/>
      </object_component>
      <object_component id="oc-e1">
         <name>.text:_SlNonOsMainLoopTask</name>
         <load_address>0x2000d720</load_address>
         <run_address>0x2000d720</run_address>
         <size>0x74</size>
         <input_file_ref idref="fl-17e"/>
      </object_component>
      <object_component id="oc-234">
         <name>.text</name>
         <load_address>0x2000d794</load_address>
         <run_address>0x2000d794</run_address>
         <size>0x70</size>
         <input_file_ref idref="fl-13d"/>
      </object_component>
      <object_component id="oc-171">
         <name>.text:sl_Socket</name>
         <load_address>0x2000d804</load_address>
         <run_address>0x2000d804</run_address>
         <size>0x70</size>
         <input_file_ref idref="fl-17f"/>
      </object_component>
      <object_component id="oc-911">
         <name>.text:_SlDrvCmdSend</name>
         <load_address>0x2000d874</load_address>
         <run_address>0x2000d874</run_address>
         <size>0x6c</size>
         <input_file_ref idref="fl-17b"/>
      </object_component>
      <object_component id="oc-8a8">
         <name>.text:_sl_NetAppSendTokenValue</name>
         <load_address>0x2000d8e0</load_address>
         <run_address>0x2000d8e0</run_address>
         <size>0x6c</size>
         <input_file_ref idref="fl-17c"/>
      </object_component>
      <object_component id="oc-61">
         <name>.text</name>
         <load_address>0x2000d94c</load_address>
         <run_address>0x2000d94c</run_address>
         <size>0x6c</size>
         <input_file_ref idref="fl-147"/>
      </object_component>
      <object_component id="oc-123">
         <name>.text:sl_WlanRxFilterSet</name>
         <load_address>0x2000d9b8</load_address>
         <run_address>0x2000d9b8</run_address>
         <size>0x6c</size>
         <input_file_ref idref="fl-180"/>
      </object_component>
      <object_component id="oc-42">
         <name>.text</name>
         <load_address>0x2000da24</load_address>
         <run_address>0x2000da24</run_address>
         <size>0x6a</size>
         <input_file_ref idref="fl-134"/>
      </object_component>
      <object_component id="oc-86a">
         <name>.text</name>
         <load_address>0x2000da90</load_address>
         <run_address>0x2000da90</run_address>
         <size>0x68</size>
         <input_file_ref idref="fl-15d"/>
      </object_component>
      <object_component id="oc-744">
         <name>.text</name>
         <load_address>0x2000daf8</load_address>
         <run_address>0x2000daf8</run_address>
         <size>0x66</size>
         <input_file_ref idref="fl-161"/>
      </object_component>
      <object_component id="oc-558">
         <name>.text:_SlNonOsSpawn</name>
         <load_address>0x2000db60</load_address>
         <run_address>0x2000db60</run_address>
         <size>0x64</size>
         <input_file_ref idref="fl-17e"/>
      </object_component>
      <object_component id="oc-8b8">
         <name>.text:_sl_HandleAsync_Accept</name>
         <load_address>0x2000dbc4</load_address>
         <run_address>0x2000dbc4</run_address>
         <size>0x64</size>
         <input_file_ref idref="fl-17f"/>
      </object_component>
      <object_component id="oc-70a">
         <name>.text</name>
         <load_address>0x2000dc28</load_address>
         <run_address>0x2000dc28</run_address>
         <size>0x64</size>
         <input_file_ref idref="fl-168"/>
      </object_component>
      <object_component id="oc-6a4">
         <name>.text:uDMAChannelAttributeDisable</name>
         <load_address>0x2000dc8c</load_address>
         <run_address>0x2000dc8c</run_address>
         <size>0x64</size>
         <input_file_ref idref="fl-182"/>
      </object_component>
      <object_component id="oc-8d2">
         <name>.text:uDMAChannelAttributeEnable</name>
         <load_address>0x2000dcf0</load_address>
         <run_address>0x2000dcf0</run_address>
         <size>0x64</size>
         <input_file_ref idref="fl-182"/>
      </object_component>
      <object_component id="oc-246">
         <name>.text</name>
         <load_address>0x2000dd54</load_address>
         <run_address>0x2000dd54</run_address>
         <size>0x60</size>
         <input_file_ref idref="fl-13e"/>
      </object_component>
      <object_component id="oc-526">
         <name>.text:IntPendClear</name>
         <load_address>0x2000ddb4</load_address>
         <run_address>0x2000ddb4</run_address>
         <size>0x58</size>
         <input_file_ref idref="fl-171"/>
      </object_component>
      <object_component id="oc-3a4">
         <name>.text:PRCMPeripheralReset</name>
         <load_address>0x2000de0c</load_address>
         <run_address>0x2000de0c</run_address>
         <size>0x58</size>
         <input_file_ref idref="fl-173"/>
      </object_component>
      <object_component id="oc-620">
         <name>.text</name>
         <load_address>0x2000de64</load_address>
         <run_address>0x2000de64</run_address>
         <size>0x56</size>
         <input_file_ref idref="fl-156"/>
      </object_component>
      <object_component id="oc-3b8">
         <name>.text:IntPrioritySet</name>
         <load_address>0x2000debc</load_address>
         <run_address>0x2000debc</run_address>
         <size>0x54</size>
         <input_file_ref idref="fl-171"/>
      </object_component>
      <object_component id="oc-317">
         <name>.text:_SlDrvRxIrqHandler</name>
         <load_address>0x2000df10</load_address>
         <run_address>0x2000df10</run_address>
         <size>0x54</size>
         <input_file_ref idref="fl-17b"/>
      </object_component>
      <object_component id="oc-8c4">
         <name>.text:_sl_HandleAsync_Select</name>
         <load_address>0x2000df64</load_address>
         <run_address>0x2000df64</run_address>
         <size>0x54</size>
         <input_file_ref idref="fl-17f"/>
      </object_component>
      <object_component id="oc-84e">
         <name>.text:_sl_HandleAsync_Stop</name>
         <load_address>0x2000dfb8</load_address>
         <run_address>0x2000dfb8</run_address>
         <size>0x50</size>
         <input_file_ref idref="fl-17a"/>
      </object_component>
      <object_component id="oc-4f7">
         <name>.text:SPIIntEnable</name>
         <load_address>0x2000e008</load_address>
         <run_address>0x2000e008</run_address>
         <size>0x4c</size>
         <input_file_ref idref="fl-174"/>
      </object_component>
      <object_component id="oc-6f0">
         <name>.text:SPIIntNumberGet</name>
         <load_address>0x2000e054</load_address>
         <run_address>0x2000e054</run_address>
         <size>0x4c</size>
         <input_file_ref idref="fl-174"/>
      </object_component>
      <object_component id="oc-2e7">
         <name>.text:_SlDrvProtectAsyncRespSetting</name>
         <load_address>0x2000e0a0</load_address>
         <run_address>0x2000e0a0</run_address>
         <size>0x4c</size>
         <input_file_ref idref="fl-17b"/>
      </object_component>
      <object_component id="oc-405">
         <name>.text:_sl_BuildAddress</name>
         <load_address>0x2000e0ec</load_address>
         <run_address>0x2000e0ec</run_address>
         <size>0x4c</size>
         <input_file_ref idref="fl-17f"/>
      </object_component>
      <object_component id="oc-64e">
         <name>.text</name>
         <load_address>0x2000e138</load_address>
         <run_address>0x2000e138</run_address>
         <size>0x4c</size>
         <input_file_ref idref="fl-146"/>
      </object_component>
      <object_component id="oc-97">
         <name>.text</name>
         <load_address>0x2000e184</load_address>
         <run_address>0x2000e184</run_address>
         <size>0x4c</size>
         <input_file_ref idref="fl-148"/>
      </object_component>
      <object_component id="oc-69e">
         <name>.text:uDMAChannelAssign</name>
         <load_address>0x2000e1d0</load_address>
         <run_address>0x2000e1d0</run_address>
         <size>0x4c</size>
         <input_file_ref idref="fl-182"/>
      </object_component>
      <object_component id="oc-438">
         <name>.text:GPIOGetIntNumber</name>
         <load_address>0x2000e21c</load_address>
         <run_address>0x2000e21c</run_address>
         <size>0x48</size>
         <input_file_ref idref="fl-170"/>
      </object_component>
      <object_component id="oc-6b8">
         <name>.text:SPIIntClear</name>
         <load_address>0x2000e264</load_address>
         <run_address>0x2000e264</run_address>
         <size>0x48</size>
         <input_file_ref idref="fl-174"/>
      </object_component>
      <object_component id="oc-361">
         <name>.text:_SlDrvBasicCmd</name>
         <load_address>0x2000e2ac</load_address>
         <run_address>0x2000e2ac</run_address>
         <size>0x48</size>
         <input_file_ref idref="fl-17b"/>
      </object_component>
      <object_component id="oc-61b">
         <name>.text</name>
         <load_address>0x2000e2f4</load_address>
         <run_address>0x2000e2f4</run_address>
         <size>0x48</size>
         <input_file_ref idref="fl-14f"/>
      </object_component>
      <object_component id="oc-117">
         <name>.text:sl_NetAppMDNSUnRegisterService</name>
         <load_address>0x2000e33c</load_address>
         <run_address>0x2000e33c</run_address>
         <size>0x48</size>
         <input_file_ref idref="fl-17c"/>
      </object_component>
      <object_component id="oc-636">
         <name>.text</name>
         <load_address>0x2000e384</load_address>
         <run_address>0x2000e384</run_address>
         <size>0x46</size>
         <input_file_ref idref="fl-154"/>
      </object_component>
      <object_component id="oc-6ad">
         <name>.text:SPIDmaMaskGet</name>
         <load_address>0x2000e3cc</load_address>
         <run_address>0x2000e3cc</run_address>
         <size>0x44</size>
         <input_file_ref idref="fl-174"/>
      </object_component>
      <object_component id="oc-427">
         <name>.text:UARTIntNumberGet</name>
         <load_address>0x2000e410</load_address>
         <run_address>0x2000e410</run_address>
         <size>0x44</size>
         <input_file_ref idref="fl-176"/>
      </object_component>
      <object_component id="oc-90a">
         <name>.text:_SlDrvHandleHttpServerEvents</name>
         <load_address>0x2000e454</load_address>
         <run_address>0x2000e454</run_address>
         <size>0x44</size>
         <input_file_ref idref="fl-17b"/>
      </object_component>
      <object_component id="oc-2ff">
         <name>.text:_SlDrvSyncObjWaitTimeout</name>
         <load_address>0x2000e498</load_address>
         <run_address>0x2000e498</run_address>
         <size>0x44</size>
         <input_file_ref idref="fl-17b"/>
      </object_component>
      <object_component id="oc-83f">
         <name>.text:cc_SetupTransfer</name>
         <load_address>0x2000e4dc</load_address>
         <run_address>0x2000e4dc</run_address>
         <size>0x44</size>
         <input_file_ref idref="fl-181"/>
      </object_component>
      <object_component id="oc-6d">
         <name>.text</name>
         <load_address>0x2000e520</load_address>
         <run_address>0x2000e520</run_address>
         <size>0x44</size>
         <input_file_ref idref="fl-136"/>
      </object_component>
      <object_component id="oc-252">
         <name>.text:sl_Close</name>
         <load_address>0x2000e564</load_address>
         <run_address>0x2000e564</run_address>
         <size>0x44</size>
         <input_file_ref idref="fl-17f"/>
      </object_component>
      <object_component id="oc-ff">
         <name>.text:sl_WlanProfileDel</name>
         <load_address>0x2000e5a8</load_address>
         <run_address>0x2000e5a8</run_address>
         <size>0x44</size>
         <input_file_ref idref="fl-180"/>
      </object_component>
      <object_component id="oc-e7">
         <name>.text:sl_WlanSetMode</name>
         <load_address>0x2000e5ec</load_address>
         <run_address>0x2000e5ec</run_address>
         <size>0x44</size>
         <input_file_ref idref="fl-180"/>
      </object_component>
      <object_component id="oc-16b">
         <name>.text:sl_Htonl</name>
         <load_address>0x2000e630</load_address>
         <run_address>0x2000e630</run_address>
         <size>0x42</size>
         <input_file_ref idref="fl-17f"/>
      </object_component>
      <object_component id="oc-66a">
         <name>.text:PinModeSet</name>
         <load_address>0x2000e674</load_address>
         <run_address>0x2000e674</run_address>
         <size>0x40</size>
         <input_file_ref idref="fl-172"/>
      </object_component>
      <object_component id="oc-7bb">
         <name>.text:_SlDrvHandleNetAppEvents</name>
         <load_address>0x2000e6b4</load_address>
         <run_address>0x2000e6b4</run_address>
         <size>0x40</size>
         <input_file_ref idref="fl-17b"/>
      </object_component>
      <object_component id="oc-7b5">
         <name>.text:_SlDrvHandleWlanEvents</name>
         <load_address>0x2000e6f4</load_address>
         <run_address>0x2000e6f4</run_address>
         <size>0x40</size>
         <input_file_ref idref="fl-17b"/>
      </object_component>
      <object_component id="oc-498">
         <name>.text:_sl_TruncatePayloadByProtocol</name>
         <load_address>0x2000e734</load_address>
         <run_address>0x2000e734</run_address>
         <size>0x40</size>
         <input_file_ref idref="fl-17f"/>
      </object_component>
      <object_component id="oc-8f7">
         <name>.text</name>
         <load_address>0x2000e774</load_address>
         <run_address>0x2000e774</run_address>
         <size>0x40</size>
         <input_file_ref idref="fl-16b"/>
      </object_component>
      <object_component id="oc-2f3">
         <name>.text:NwpRegisterInterruptHandler</name>
         <load_address>0x2000e7b4</load_address>
         <run_address>0x2000e7b4</run_address>
         <size>0x3e</size>
         <input_file_ref idref="fl-181"/>
      </object_component>
      <object_component id="oc-8af">
         <name>.text:CopyPingResultsToReport</name>
         <load_address>0x2000e7f2</load_address>
         <run_address>0x2000e7f2</run_address>
         <size>0x3c</size>
         <input_file_ref idref="fl-17c"/>
      </object_component>
      <object_component id="oc-39e">
         <name>.text:PRCMPeripheralClkEnable</name>
         <load_address>0x2000e830</load_address>
         <run_address>0x2000e830</run_address>
         <size>0x3c</size>
         <input_file_ref idref="fl-173"/>
      </object_component>
      <object_component id="oc-24">
         <name>.text</name>
         <load_address>0x2000e86c</load_address>
         <run_address>0x2000e86c</run_address>
         <size>0x3c</size>
         <input_file_ref idref="fl-132"/>
      </object_component>
      <object_component id="oc-165">
         <name>.text:sl_Htons</name>
         <load_address>0x2000e8a8</load_address>
         <run_address>0x2000e8a8</run_address>
         <size>0x3c</size>
         <input_file_ref idref="fl-17f"/>
      </object_component>
      <object_component id="oc-8cc">
         <name>.text:uDMAChannelControlSet</name>
         <load_address>0x2000e8e4</load_address>
         <run_address>0x2000e8e4</run_address>
         <size>0x3c</size>
         <input_file_ref idref="fl-182"/>
      </object_component>
      <object_component id="oc-2ed">
         <name>.text:NwpPowerOff</name>
         <load_address>0x2000e920</load_address>
         <run_address>0x2000e920</run_address>
         <size>0x38</size>
         <input_file_ref idref="fl-181"/>
      </object_component>
      <object_component id="oc-487">
         <name>.text:GPIODirModeSet</name>
         <load_address>0x2000e958</load_address>
         <run_address>0x2000e958</run_address>
         <size>0x36</size>
         <input_file_ref idref="fl-170"/>
      </object_component>
      <object_component id="oc-4df">
         <name>.text:PRCMPeripheralStatusGet</name>
         <load_address>0x2000e990</load_address>
         <run_address>0x2000e990</run_address>
         <size>0x34</size>
         <input_file_ref idref="fl-173"/>
      </object_component>
      <object_component id="oc-4f1">
         <name>.text:SPIFIFOLevelSet</name>
         <load_address>0x2000e9c4</load_address>
         <run_address>0x2000e9c4</run_address>
         <size>0x34</size>
         <input_file_ref idref="fl-174"/>
      </object_component>
      <object_component id="oc-802">
         <name>.text</name>
         <load_address>0x2000e9f8</load_address>
         <run_address>0x2000e9f8</run_address>
         <size>0x34</size>
         <input_file_ref idref="fl-166"/>
      </object_component>
      <object_component id="oc-481">
         <name>.text:PinTypeGPIO</name>
         <load_address>0x2000ea2c</load_address>
         <run_address>0x2000ea2c</run_address>
         <size>0x30</size>
         <input_file_ref idref="fl-172"/>
      </object_component>
      <object_component id="oc-41e">
         <name>.text:UARTDisable</name>
         <load_address>0x2000ea5c</load_address>
         <run_address>0x2000ea5c</run_address>
         <size>0x30</size>
         <input_file_ref idref="fl-176"/>
      </object_component>
      <object_component id="oc-723">
         <name>.text</name>
         <load_address>0x2000ea8c</load_address>
         <run_address>0x2000ea8c</run_address>
         <size>0x30</size>
         <input_file_ref idref="fl-15b"/>
      </object_component>
      <object_component id="oc-752">
         <name>.text</name>
         <load_address>0x2000eabc</load_address>
         <run_address>0x2000eabc</run_address>
         <size>0x30</size>
         <input_file_ref idref="fl-162"/>
      </object_component>
      <object_component id="oc-626">
         <name>.text</name>
         <load_address>0x2000eaec</load_address>
         <run_address>0x2000eaec</run_address>
         <size>0x2e</size>
         <input_file_ref idref="fl-153"/>
      </object_component>
      <object_component id="oc-886">
         <name>.text</name>
         <load_address>0x2000eb1a</load_address>
         <run_address>0x2000eb1a</run_address>
         <size>0x2e</size>
         <input_file_ref idref="fl-169"/>
      </object_component>
      <object_component id="oc-38c">
         <name>.text:PRCMSysResetCauseGet</name>
         <load_address>0x2000eb48</load_address>
         <run_address>0x2000eb48</run_address>
         <size>0x2c</size>
         <input_file_ref idref="fl-173"/>
      </object_component>
      <object_component id="oc-56b">
         <name>.text:_SlDrvObjGlobalLockWaitForever</name>
         <load_address>0x2000eb74</load_address>
         <run_address>0x2000eb74</run_address>
         <size>0x2c</size>
         <input_file_ref idref="fl-17b"/>
      </object_component>
      <object_component id="oc-3dd">
         <name>.text:_SlDrvProtectionObjLockWaitForever</name>
         <load_address>0x2000eba0</load_address>
         <run_address>0x2000eba0</run_address>
         <size>0x2c</size>
         <input_file_ref idref="fl-17b"/>
      </object_component>
      <object_component id="oc-642">
         <name>.text</name>
         <load_address>0x2000ebcc</load_address>
         <run_address>0x2000ebcc</run_address>
         <size>0x2a</size>
         <input_file_ref idref="fl-15f"/>
      </object_component>
      <object_component id="oc-3aa">
         <name>.text:PRCMPeripheralClkDisable</name>
         <load_address>0x2000ebf8</load_address>
         <run_address>0x2000ebf8</run_address>
         <size>0x28</size>
         <input_file_ref idref="fl-173"/>
      </object_component>
      <object_component id="oc-571">
         <name>.text:_SlDrvGlobalObjUnLock</name>
         <load_address>0x2000ec20</load_address>
         <run_address>0x2000ec20</run_address>
         <size>0x28</size>
         <input_file_ref idref="fl-17b"/>
      </object_component>
      <object_component id="oc-3e3">
         <name>.text:_SlDrvProtectionObjUnLock</name>
         <load_address>0x2000ec48</load_address>
         <run_address>0x2000ec48</run_address>
         <size>0x28</size>
         <input_file_ref idref="fl-17b"/>
      </object_component>
      <object_component id="oc-3e9">
         <name>.text:_SlDrvSyncObjWaitForever</name>
         <load_address>0x2000ec70</load_address>
         <run_address>0x2000ec70</run_address>
         <size>0x28</size>
         <input_file_ref idref="fl-17b"/>
      </object_component>
      <object_component id="oc-550">
         <name>.text</name>
         <load_address>0x2000ec98</load_address>
         <run_address>0x2000ec98</run_address>
         <size>0x26</size>
         <input_file_ref idref="fl-6"/>
      </object_component>
      <object_component id="oc-503">
         <name>.text:DmaSpiSwIntHandler</name>
         <load_address>0x2000ecc0</load_address>
         <run_address>0x2000ecc0</run_address>
         <size>0x24</size>
         <input_file_ref idref="fl-181"/>
      </object_component>
      <object_component id="oc-520">
         <name>.text:IntUnregister</name>
         <load_address>0x2000ece4</load_address>
         <run_address>0x2000ece4</run_address>
         <size>0x24</size>
         <input_file_ref idref="fl-171"/>
      </object_component>
      <object_component id="oc-1cb">
         <name>.text:UARTEnable</name>
         <load_address>0x2000ed08</load_address>
         <run_address>0x2000ed08</run_address>
         <size>0x24</size>
         <input_file_ref idref="fl-176"/>
      </object_component>
      <object_component id="oc-682">
         <name>.text:_SlDrvObjLockWaitForever</name>
         <load_address>0x2000ed2c</load_address>
         <run_address>0x2000ed2c</run_address>
         <size>0x24</size>
         <input_file_ref idref="fl-17b"/>
      </object_component>
      <object_component id="oc-2ac">
         <name>.text</name>
         <load_address>0x2000ed50</load_address>
         <run_address>0x2000ed50</run_address>
         <size>0x24</size>
         <input_file_ref idref="fl-139"/>
      </object_component>
      <object_component id="oc-183">
         <name>.text:SPIReset</name>
         <load_address>0x2000ed74</load_address>
         <run_address>0x2000ed74</run_address>
         <size>0x22</size>
         <input_file_ref idref="fl-174"/>
      </object_component>
      <object_component id="oc-7a2">
         <name>.text:SPIWordCountSet</name>
         <load_address>0x2000ed96</load_address>
         <run_address>0x2000ed96</run_address>
         <size>0x22</size>
         <input_file_ref idref="fl-174"/>
      </object_component>
      <object_component id="oc-630">
         <name>.text</name>
         <load_address>0x2000edb8</load_address>
         <run_address>0x2000edb8</run_address>
         <size>0x22</size>
         <input_file_ref idref="fl-152"/>
      </object_component>
      <object_component id="oc-3be">
         <name>.text:GPIOPinWrite</name>
         <load_address>0x2000edda</load_address>
         <run_address>0x2000edda</run_address>
         <size>0x20</size>
         <input_file_ref idref="fl-170"/>
      </object_component>
      <object_component id="oc-42d">
         <name>.text:IntRegister</name>
         <load_address>0x2000edfc</load_address>
         <run_address>0x2000edfc</run_address>
         <size>0x20</size>
         <input_file_ref idref="fl-171"/>
      </object_component>
      <object_component id="oc-2f9">
         <name>.text:NwpPowerOn</name>
         <load_address>0x2000ee1c</load_address>
         <run_address>0x2000ee1c</run_address>
         <size>0x20</size>
         <input_file_ref idref="fl-181"/>
      </object_component>
      <object_component id="oc-456">
         <name>.text:SPIDataGet</name>
         <load_address>0x2000ee3c</load_address>
         <run_address>0x2000ee3c</run_address>
         <size>0x20</size>
         <input_file_ref idref="fl-174"/>
      </object_component>
      <object_component id="oc-688">
         <name>.text:_SlDrvObjUnLock</name>
         <load_address>0x2000ee5c</load_address>
         <run_address>0x2000ee5c</run_address>
         <size>0x20</size>
         <input_file_ref idref="fl-17b"/>
      </object_component>
      <object_component id="oc-541">
         <name>.text:_SlDrvSyncObjSignal</name>
         <load_address>0x2000ee7c</load_address>
         <run_address>0x2000ee7c</run_address>
         <size>0x20</size>
         <input_file_ref idref="fl-17b"/>
      </object_component>
      <object_component id="oc-5fa">
         <name>.text</name>
         <load_address>0x2000ee9c</load_address>
         <run_address>0x2000ee9c</run_address>
         <size>0x20</size>
         <input_file_ref idref="fl-158"/>
      </object_component>
      <object_component id="oc-105">
         <name>.text:sl_WlanDisconnect</name>
         <load_address>0x2000eebc</load_address>
         <run_address>0x2000eebc</run_address>
         <size>0x20</size>
         <input_file_ref idref="fl-180"/>
      </object_component>
      <object_component id="oc-1ef">
         <name>.text:GPIOIntRegister</name>
         <load_address>0x2000eedc</load_address>
         <run_address>0x2000eedc</run_address>
         <size>0x1e</size>
         <input_file_ref idref="fl-170"/>
      </object_component>
      <object_component id="oc-450">
         <name>.text:SPIDataPut</name>
         <load_address>0x2000eefa</load_address>
         <run_address>0x2000eefa</run_address>
         <size>0x1e</size>
         <input_file_ref idref="fl-174"/>
      </object_component>
      <object_component id="oc-294">
         <name>.text:UARTCharPut</name>
         <load_address>0x2000ef18</load_address>
         <run_address>0x2000ef18</run_address>
         <size>0x1e</size>
         <input_file_ref idref="fl-176"/>
      </object_component>
      <object_component id="oc-1d7">
         <name>.text:UARTIntRegister</name>
         <load_address>0x2000ef36</load_address>
         <run_address>0x2000ef36</run_address>
         <size>0x1e</size>
         <input_file_ref idref="fl-176"/>
      </object_component>
      <object_component id="oc-1ad">
         <name>.text:UARTIntStatus</name>
         <load_address>0x2000ef54</load_address>
         <run_address>0x2000ef54</run_address>
         <size>0x1e</size>
         <input_file_ref idref="fl-176"/>
      </object_component>
      <object_component id="oc-4e5">
         <name>.text:cc_UDMAChannelSelect</name>
         <load_address>0x2000ef72</load_address>
         <run_address>0x2000ef72</run_address>
         <size>0x1e</size>
         <input_file_ref idref="fl-181"/>
      </object_component>
      <object_component id="oc-207">
         <name>.text</name>
         <load_address>0x2000ef90</load_address>
         <run_address>0x2000ef90</run_address>
         <size>0x1e</size>
         <input_file_ref idref="fl-137"/>
      </object_component>
      <object_component id="oc-21e">
         <name>.text:SysTickIntRegister</name>
         <load_address>0x2000efb0</load_address>
         <run_address>0x2000efb0</run_address>
         <size>0x1c</size>
         <input_file_ref idref="fl-175"/>
      </object_component>
      <object_component id="oc-2a6">
         <name>.text:UARTCharGetNonBlocking</name>
         <load_address>0x2000efcc</load_address>
         <run_address>0x2000efcc</run_address>
         <size>0x1c</size>
         <input_file_ref idref="fl-176"/>
      </object_component>
      <object_component id="oc-648">
         <name>.text</name>
         <load_address>0x2000efe8</load_address>
         <run_address>0x2000efe8</run_address>
         <size>0x1c</size>
         <input_file_ref idref="fl-157"/>
      </object_component>
      <object_component id="oc-8de">
         <name>.text:uDMAChannelEnable</name>
         <load_address>0x2000f004</load_address>
         <run_address>0x2000f004</run_address>
         <size>0x1c</size>
         <input_file_ref idref="fl-182"/>
      </object_component>
      <object_component id="oc-1e3">
         <name>.text:GPIOIntDisable</name>
         <load_address>0x2000f020</load_address>
         <run_address>0x2000f020</run_address>
         <size>0x1a</size>
         <input_file_ref idref="fl-170"/>
      </object_component>
      <object_component id="oc-1f5">
         <name>.text:GPIOIntEnable</name>
         <load_address>0x2000f03a</load_address>
         <run_address>0x2000f03a</run_address>
         <size>0x1a</size>
         <input_file_ref idref="fl-170"/>
      </object_component>
      <object_component id="oc-48d">
         <name>.text:PinTypeSPI</name>
         <load_address>0x2000f054</load_address>
         <run_address>0x2000f054</run_address>
         <size>0x1a</size>
         <input_file_ref idref="fl-172"/>
      </object_component>
      <object_component id="oc-47b">
         <name>.text:PinTypeUART</name>
         <load_address>0x2000f06e</load_address>
         <run_address>0x2000f06e</run_address>
         <size>0x1a</size>
         <input_file_ref idref="fl-172"/>
      </object_component>
      <object_component id="oc-594">
         <name>.text:SPIDmaDisable</name>
         <load_address>0x2000f088</load_address>
         <run_address>0x2000f088</run_address>
         <size>0x1a</size>
         <input_file_ref idref="fl-174"/>
      </object_component>
      <object_component id="oc-4eb">
         <name>.text:SPIDmaEnable</name>
         <load_address>0x2000f0a2</load_address>
         <run_address>0x2000f0a2</run_address>
         <size>0x1a</size>
         <input_file_ref idref="fl-174"/>
      </object_component>
      <object_component id="oc-58e">
         <name>.text:SPIFIFODisable</name>
         <load_address>0x2000f0bc</load_address>
         <run_address>0x2000f0bc</run_address>
         <size>0x1a</size>
         <input_file_ref idref="fl-174"/>
      </object_component>
      <object_component id="oc-189">
         <name>.text:SPIFIFOEnable</name>
         <load_address>0x2000f0d6</load_address>
         <run_address>0x2000f0d6</run_address>
         <size>0x1a</size>
         <input_file_ref idref="fl-174"/>
      </object_component>
      <object_component id="oc-588">
         <name>.text:SPIIntUnregister</name>
         <load_address>0x2000f0f0</load_address>
         <run_address>0x2000f0f0</run_address>
         <size>0x1a</size>
         <input_file_ref idref="fl-174"/>
      </object_component>
      <object_component id="oc-201">
         <name>.text:GPIOPinRead</name>
         <load_address>0x2000f10a</load_address>
         <run_address>0x2000f10a</run_address>
         <size>0x18</size>
         <input_file_ref idref="fl-170"/>
      </object_component>
      <object_component id="oc-45c">
         <name>.text:SPICSDisable</name>
         <load_address>0x2000f122</load_address>
         <run_address>0x2000f122</run_address>
         <size>0x18</size>
         <input_file_ref idref="fl-174"/>
      </object_component>
      <object_component id="oc-44a">
         <name>.text:SPICSEnable</name>
         <load_address>0x2000f13a</load_address>
         <run_address>0x2000f13a</run_address>
         <size>0x18</size>
         <input_file_ref idref="fl-174"/>
      </object_component>
      <object_component id="oc-4d9">
         <name>.text:SPIDisable</name>
         <load_address>0x2000f152</load_address>
         <run_address>0x2000f152</run_address>
         <size>0x18</size>
         <input_file_ref idref="fl-174"/>
      </object_component>
      <object_component id="oc-19b">
         <name>.text:SPIEnable</name>
         <load_address>0x2000f16a</load_address>
         <run_address>0x2000f16a</run_address>
         <size>0x18</size>
         <input_file_ref idref="fl-174"/>
      </object_component>
      <object_component id="oc-224">
         <name>.text:SysTickPeriodSet</name>
         <load_address>0x2000f184</load_address>
         <run_address>0x2000f184</run_address>
         <size>0x18</size>
         <input_file_ref idref="fl-175"/>
      </object_component>
      <object_component id="oc-2a0">
         <name>.text:UARTCharsAvail</name>
         <load_address>0x2000f19c</load_address>
         <run_address>0x2000f19c</run_address>
         <size>0x18</size>
         <input_file_ref idref="fl-176"/>
      </object_component>
      <object_component id="oc-1a1">
         <name>.text:UARTIntDisable</name>
         <load_address>0x2000f1b4</load_address>
         <run_address>0x2000f1b4</run_address>
         <size>0x18</size>
         <input_file_ref idref="fl-176"/>
      </object_component>
      <object_component id="oc-1a7">
         <name>.text:UARTIntEnable</name>
         <load_address>0x2000f1cc</load_address>
         <run_address>0x2000f1cc</run_address>
         <size>0x18</size>
         <input_file_ref idref="fl-176"/>
      </object_component>
      <object_component id="oc-4c8">
         <name>.text:_SlNonOsSemSet</name>
         <load_address>0x2000f1e4</load_address>
         <run_address>0x2000f1e4</run_address>
         <size>0x18</size>
         <input_file_ref idref="fl-17e"/>
      </object_component>
      <object_component id="oc-30b">
         <name>.text:_sl_GetStartResponseConvert</name>
         <load_address>0x2000f1fc</load_address>
         <run_address>0x2000f1fc</run_address>
         <size>0x18</size>
         <input_file_ref idref="fl-17a"/>
      </object_component>
      <object_component id="oc-67">
         <name>.text</name>
         <load_address>0x2000f214</load_address>
         <run_address>0x2000f214</run_address>
         <size>0x18</size>
         <input_file_ref idref="fl-145"/>
      </object_component>
      <object_component id="oc-71d">
         <name>.text</name>
         <load_address>0x2000f22c</load_address>
         <run_address>0x2000f22c</run_address>
         <size>0x18</size>
         <input_file_ref idref="fl-15a"/>
      </object_component>
      <object_component id="oc-392">
         <name>.text:PRCMHIBRegRead</name>
         <load_address>0x2000f244</load_address>
         <run_address>0x2000f244</run_address>
         <size>0x16</size>
         <input_file_ref idref="fl-173"/>
      </object_component>
      <object_component id="oc-398">
         <name>.text:PRCMHIBRegWrite</name>
         <load_address>0x2000f25a</load_address>
         <run_address>0x2000f25a</run_address>
         <size>0x16</size>
         <input_file_ref idref="fl-173"/>
      </object_component>
      <object_component id="oc-1b9">
         <name>.text:UARTCharGet</name>
         <load_address>0x2000f270</load_address>
         <run_address>0x2000f270</run_address>
         <size>0x16</size>
         <input_file_ref idref="fl-176"/>
      </object_component>
      <object_component id="oc-1d1">
         <name>.text:UARTFIFODisable</name>
         <load_address>0x2000f286</load_address>
         <run_address>0x2000f286</run_address>
         <size>0x16</size>
         <input_file_ref idref="fl-176"/>
      </object_component>
      <object_component id="oc-1dd">
         <name>.text:UARTFIFOEnable</name>
         <load_address>0x2000f29c</load_address>
         <run_address>0x2000f29c</run_address>
         <size>0x16</size>
         <input_file_ref idref="fl-176"/>
      </object_component>
      <object_component id="oc-3b1">
         <name>.text:_SlDrvMemZero</name>
         <load_address>0x2000f2b2</load_address>
         <run_address>0x2000f2b2</run_address>
         <size>0x16</size>
         <input_file_ref idref="fl-17b"/>
      </object_component>
      <object_component id="oc-63c">
         <name>.text</name>
         <load_address>0x2000f2c8</load_address>
         <run_address>0x2000f2c8</run_address>
         <size>0x16</size>
         <input_file_ref idref="fl-159"/>
      </object_component>
      <object_component id="oc-381">
         <name>.text:CPUcpsie</name>
         <load_address>0x2000f2de</load_address>
         <run_address>0x2000f2de</run_address>
         <size>0x14</size>
         <input_file_ref idref="fl-178"/>
      </object_component>
      <object_component id="oc-20c">
         <name>.text:GPIOIntClear</name>
         <load_address>0x2000f2f2</load_address>
         <run_address>0x2000f2f2</run_address>
         <size>0x14</size>
[...]
         <value>0x2000e009</value>
         <object_component_ref idref="oc-4f7"/>
      </symbol>
      <symbol id="sm-dbc">
         <name>SPIIntClear</name>
         <value>0x2000e265</value>
         <object_component_ref idref="oc-6b8"/>
      </symbol>
      <symbol id="sm-dbd">
         <name>SPICSDisable</name>
         <value>0x2000f123</value>
         <object_component_ref idref="oc-45c"/>
      </symbol>
      <symbol id="sm-df4">
         <name>SysTickEnable</name>
         <value>0x2000f37d</value>
         <object_component_ref idref="oc-1e9"/>
      </symbol>
      <symbol id="sm-df5">
         <name>SysTickIntRegister</name>
         <value>0x2000efb1</value>
         <object_component_ref idref="oc-21e"/>
      </symbol>
      <symbol id="sm-df6">
         <name>SysTickIntEnable</name>
         <value>0x2000f38d</value>
         <object_component_ref idref="oc-218"/>
      </symbol>
      <symbol id="sm-df7">
         <name>SysTickPeriodSet</name>
         <value>0x2000f185</value>
         <object_component_ref idref="oc-224"/>
      </symbol>
      <symbol id="sm-df8">
         <name>SysTickDisable</name>
         <value>0x2000f36d</value>
         <object_component_ref idref="oc-212"/>
      </symbol>
      <symbol id="sm-e91">
         <name>UARTFIFODisable</name>
         <value>0x2000f287</value>
         <object_component_ref idref="oc-1d1"/>
      </symbol>
      <symbol id="sm-e92">
         <name>UARTConfigSetExpClk</name>
         <value>0x2000d6a9</value>
         <object_component_ref idref="oc-1c5"/>
      </symbol>
      <symbol id="sm-e93">
         <name>UARTDisable</name>
         <value>0x2000ea5d</value>
         <object_component_ref idref="oc-41e"/>
      </symbol>
      <symbol id="sm-e94">
         <name>UARTIntEnable</name>
         <value>0x2000f1cd</value>
         <object_component_ref idref="oc-1a7"/>
      </symbol>
      <symbol id="sm-e95">
         <name>UARTCharsAvail</name>
         <value>0x2000f19d</value>
         <object_component_ref idref="oc-2a0"/>
      </symbol>
      <symbol id="sm-e96">
         <name>UARTCharGetNonBlocking</name>
         <value>0x2000efcd</value>
         <object_component_ref idref="oc-2a6"/>
      </symbol>
      <symbol id="sm-e97">
         <name>UARTIntDisable</name>
         <value>0x2000f1b5</value>
         <object_component_ref idref="oc-1a1"/>
      </symbol>
      <symbol id="sm-e98">
         <name>UARTCharPut</name>
         <value>0x2000ef19</value>
         <object_component_ref idref="oc-294"/>
      </symbol>
      <symbol id="sm-e99">
         <name>UARTEnable</name>
         <value>0x2000ed09</value>
         <object_component_ref idref="oc-1cb"/>
      </symbol>
      <symbol id="sm-e9a">
         <name>UARTFIFOEnable</name>
         <value>0x2000f29d</value>
         <object_component_ref idref="oc-1dd"/>
      </symbol>
      <symbol id="sm-e9b">
         <name>UARTIntClear</name>
         <value>0x2000f359</value>
         <object_component_ref idref="oc-1b3"/>
      </symbol>
      <symbol id="sm-e9c">
         <name>UARTIntStatus</name>
         <value>0x2000ef55</value>
         <object_component_ref idref="oc-1ad"/>
      </symbol>
      <symbol id="sm-e9d">
         <name>UARTCharGet</name>
         <value>0x2000f271</value>
         <object_component_ref idref="oc-1b9"/>
      </symbol>
      <symbol id="sm-e9e">
         <name>UARTIntRegister</name>
         <value>0x2000ef37</value>
         <object_component_ref idref="oc-1d7"/>
      </symbol>
      <symbol id="sm-ea2">
         <name>UtilsDelay</name>
         <value>0x2000f407</value>
         <object_component_ref idref="oc-14e"/>
      </symbol>
      <symbol id="sm-eac">
         <name>CPUcpsie</name>
         <value>0x2000f2df</value>
         <object_component_ref idref="oc-381"/>
      </symbol>
      <symbol id="sm-f4f">
         <name>_sl_HandleAsync_InitComplete</name>
         <value>0x2000d155</value>
         <object_component_ref idref="oc-848"/>
      </symbol>
      <symbol id="sm-f50">
         <name>_SlDrvDeviceEventHandler</name>
         <value>0x2000c87d</value>
         <object_component_ref idref="oc-7af"/>
      </symbol>
      <symbol id="sm-f51">
         <name>_sl_HandleAsync_Stop</name>
         <value>0x2000dfb9</value>
         <object_component_ref idref="oc-84e"/>
      </symbol>
      <symbol id="sm-f52">
         <name>sl_DevSet</name>
         <value>0x2000d2d5</value>
         <object_component_ref idref="oc-14f"/>
      </symbol>
      <symbol id="sm-f53">
         <name>sl_Stop</name>
         <value>0x2000ba35</value>
         <object_component_ref idref="oc-ed"/>
      </symbol>
      <symbol id="sm-f54">
         <name>sl_Start</name>
         <value>0x2000bb19</value>
         <object_component_ref idref="oc-db"/>
      </symbol>
      <symbol id="sm-f55">
         <name>sl_DevGet</name>
         <value>0x2000c3ed</value>
         <object_component_ref idref="oc-f3"/>
      </symbol>
      <symbol id="sm-1200">
         <name>RxIrqCnt</name>
         <value>0x2001f3f8</value>
      </symbol>
      <symbol id="sm-1201">
         <name>g_bDeviceRestartIsRequired</name>
         <value>0x2001f3f9</value>
      </symbol>
      <symbol id="sm-1202">
         <name>_SlDrvProtectionObjUnLock</name>
         <value>0x2000ec49</value>
         <object_component_ref idref="oc-3e3"/>
      </symbol>
      <symbol id="sm-1203">
         <name>_SlDrvBasicCmd</name>
         <value>0x2000e2ad</value>
         <object_component_ref idref="oc-361"/>
      </symbol>
      <symbol id="sm-1204">
         <name>_SlDrvObjUnLock</name>
         <value>0x2000ee5d</value>
         <object_component_ref idref="oc-688"/>
      </symbol>
      <symbol id="sm-1205">
         <name>_SlDrvObjLockWaitForever</name>
         <value>0x2000ed2d</value>
         <object_component_ref idref="oc-682"/>
      </symbol>
      <symbol id="sm-1206">
         <name>_SlDrvMsgReadSpawnCtx</name>
         <value>0x2000bdb1</value>
         <object_component_ref idref="oc-55e"/>
      </symbol>
      <symbol id="sm-1207">
         <name>_SlDrvDispatchHttpServerEvents</name>
         <value>0x2000f39d</value>
         <object_component_ref idref="oc-8a2"/>
      </symbol>
      <symbol id="sm-1208">
         <name>_SlDrvHandleNetAppEvents</name>
         <value>0x2000e6b5</value>
         <object_component_ref idref="oc-7bb"/>
      </symbol>
      <symbol id="sm-1209">
         <name>_SlDriverHandleError</name>
         <value>0x2000c69d</value>
         <object_component_ref idref="oc-534"/>
      </symbol>
      <symbol id="sm-120a">
         <name>_SlDrvDriverCBDeinit</name>
         <value>0x2000b221</value>
         <object_component_ref idref="oc-344"/>
      </symbol>
      <symbol id="sm-120b">
         <name>_SlDrvResetCmdExt</name>
         <value>0x2000f3ad</value>
         <object_component_ref idref="oc-353"/>
      </symbol>
      <symbol id="sm-120c">
         <name>_SlDrvProtectAsyncRespSetting</name>
         <value>0x2000e0a1</value>
         <object_component_ref idref="oc-2e7"/>
      </symbol>
      <symbol id="sm-120d">
         <name>_SlDrvReleasePoolObj</name>
         <value>0x20009c49</value>
         <object_component_ref idref="oc-305"/>
      </symbol>
      <symbol id="sm-120e">
         <name>_SlDrvHandleWlanEvents</name>
         <value>0x2000e6f5</value>
         <object_component_ref idref="oc-7b5"/>
      </symbol>
      <symbol id="sm-120f">
         <name>OpcodeTranslateTable</name>
         <value>0x2000fd6c</value>
         <object_component_ref idref="oc-798"/>
      </symbol>
      <symbol id="sm-1210">
         <name>pPingCallBackFunc</name>
         <value>0x2001f78c</value>
         <object_component_ref idref="oc-314"/>
      </symbol>
      <symbol id="sm-1211">
         <name>_SlDrvDriverCBInit</name>
         <value>0x2000a195</value>
         <object_component_ref idref="oc-2db"/>
      </symbol>
      <symbol id="sm-1212">
         <name>g_pCB</name>
         <value>0x2001f788</value>
         <object_component_ref idref="oc-314"/>
      </symbol>
      <symbol id="sm-1213">
         <name>_SlDrvProtectionObjLockWaitForever</name>
         <value>0x2000eba1</value>
         <object_component_ref idref="oc-3dd"/>
      </symbol>
      <symbol id="sm-1214">
         <name>_SlDrvCmdOp</name>
         <value>0x2000c26d</value>
         <object_component_ref idref="oc-32e"/>
      </symbol>
      <symbol id="sm-1215">
         <name>_SlDrvSyncObjWaitTimeout</name>
         <value>0x2000e499</value>
         <object_component_ref idref="oc-2ff"/>
      </symbol>
      <symbol id="sm-1216">
         <name>_SlDrvGlobalObjUnLock</name>
         <value>0x2000ec21</value>
         <object_component_ref idref="oc-571"/>
      </symbol>
      <symbol id="sm-1217">
         <name>_SlDrvMemZero</name>
         <value>0x2000f2b3</value>
         <object_component_ref idref="oc-3b1"/>
      </symbol>
      <symbol id="sm-1218">
         <name>_SlDrvWaitForPoolObj</name>
         <value>0x2000a4e5</value>
         <object_component_ref idref="oc-3d7"/>
      </symbol>
      <symbol id="sm-1219">
         <name>_SlDrvSyncObjSignal</name>
         <value>0x2000ee7d</value>
         <object_component_ref idref="oc-541"/>
      </symbol>
      <symbol id="sm-121a">
         <name>_SlDrvDataReadOp</name>
         <value>0x20009a65</value>
         <object_component_ref idref="oc-4a6"/>
      </symbol>
      <symbol id="sm-121b">
         <name>_SlDrvDataWriteOp</name>
         <value>0x2000aac9</value>
         <object_component_ref idref="oc-49e"/>
      </symbol>
      <symbol id="sm-121c">
         <name>_SlDrvRxIrqHandler</name>
         <value>0x2000df11</value>
         <object_component_ref idref="oc-317"/>
      </symbol>
      <symbol id="sm-121d">
         <name>_SlDrvHandleHttpServerEvents</name>
         <value>0x2000e455</value>
         <object_component_ref idref="oc-90a"/>
      </symbol>
      <symbol id="sm-121e">
         <name>_SlDrvSyncObjWaitForever</name>
         <value>0x2000ec71</value>
         <object_component_ref idref="oc-3e9"/>
      </symbol>
      <symbol id="sm-121f">
         <name>_SlDrvCmdSend</name>
         <value>0x2000d875</value>
         <object_component_ref idref="oc-911"/>
      </symbol>
      <symbol id="sm-1220">
         <name>_SlActionLookupTable</name>
         <value>0x2000fde4</value>
         <object_component_ref idref="oc-839"/>
      </symbol>
      <symbol id="sm-12c3">
         <name>sl_NetAppMDNSUnRegisterService</name>
         <value>0x2000e33d</value>
         <object_component_ref idref="oc-117"/>
      </symbol>
      <symbol id="sm-12c4">
         <name>_SlNetAppSendTokenValueCmdCtrl</name>
         <value>0x2000fed0</value>
         <object_component_ref idref="oc-3ef"/>
      </symbol>
      <symbol id="sm-12c5">
         <name>sl_NetAppDnsGetHostByName</name>
         <value>0x2000afcd</value>
         <object_component_ref idref="oc-15f"/>
      </symbol>
      <symbol id="sm-12c6">
         <name>_sl_HandleAsync_DnsGetHostByName</name>
         <value>0x2000cb75</value>
         <object_component_ref idref="oc-896"/>
      </symbol>
      <symbol id="sm-12c7">
         <name>_sl_HandleAsync_PingResponse</name>
         <value>0x2000cc05</value>
         <object_component_ref idref="oc-825"/>
      </symbol>
      <symbol id="sm-12c8">
         <name>_SlDrvNetAppEventHandler</name>
         <value>0x2000b56d</value>
         <object_component_ref idref="oc-81f"/>
      </symbol>
      <symbol id="sm-12c9">
         <name>_sl_HandleAsync_DnsGetHostByService</name>
         <value>0x2000be85</value>
         <object_component_ref idref="oc-89c"/>
      </symbol>
      <symbol id="sm-12ca">
         <name>_sl_NetAppSendTokenValue</name>
         <value>0x2000d8e1</value>
         <object_component_ref idref="oc-8a8"/>
      </symbol>
      <symbol id="sm-12cb">
         <name>sl_NetAppMDNSRegisterUnregisterService</name>
         <value>0x2000c0e1</value>
         <object_component_ref idref="oc-373"/>
      </symbol>
      <symbol id="sm-12ec">
         <name>sl_NetCfgSet</name>
         <value>0x2000d351</value>
         <object_component_ref idref="oc-10b"/>
      </symbol>
      <symbol id="sm-132b">
         <name>_SlNonOsSemSet</name>
         <value>0x2000f1e5</value>
         <object_component_ref idref="oc-4c8"/>
      </symbol>
      <symbol id="sm-132c">
         <name>_SlNonOsSpawn</name>
         <value>0x2000db61</value>
         <object_component_ref idref="oc-558"/>
      </symbol>
      <symbol id="sm-132d">
         <name>_SlNonOsSemGet</name>
         <value>0x2000d541</value>
         <object_component_ref idref="oc-4ce"/>
      </symbol>
      <symbol id="sm-132e">
         <name>_SlNonOsMainLoopTask</name>
         <value>0x2000d721</value>
         <object_component_ref idref="oc-e1"/>
      </symbol>
      <symbol id="sm-132f">
         <name>g__SlNonOsCB</name>
         <value>0x2001f6f0</value>
         <object_component_ref idref="oc-329"/>
      </symbol>
      <symbol id="sm-1413">
         <name>sl_Recv</name>
         <value>0x2000cebd</value>
         <object_component_ref idref="oc-258"/>
      </symbol>
      <symbol id="sm-1414">
         <name>sl_Send</name>
         <value>0x2000b345</value>
         <object_component_ref idref="oc-24c"/>
      </symbol>
      <symbol id="sm-1415">
         <name>_sl_HandleAsync_Connect</name>
         <value>0x2000d0d5</value>
         <object_component_ref idref="oc-8be"/>
      </symbol>
      <symbol id="sm-1416">
         <name>sl_Htonl</name>
         <value>0x2000e631</value>
         <object_component_ref idref="oc-16b"/>
      </symbol>
      <symbol id="sm-1417">
         <name>sl_Htons</name>
         <value>0x2000e8a9</value>
         <object_component_ref idref="oc-165"/>
      </symbol>
      <symbol id="sm-1418">
         <name>sl_Connect</name>
         <value>0x2000a95d</value>
         <object_component_ref idref="oc-17d"/>
      </symbol>
      <symbol id="sm-1419">
         <name>sl_Socket</name>
         <value>0x2000d805</value>
         <object_component_ref idref="oc-171"/>
      </symbol>
      <symbol id="sm-141a">
         <name>_sl_HandleAsync_Select</name>
         <value>0x2000df65</value>
         <object_component_ref idref="oc-8c4"/>
      </symbol>
      <symbol id="sm-141b">
         <name>sl_Close</name>
         <value>0x2000e565</value>
         <object_component_ref idref="oc-252"/>
      </symbol>
      <symbol id="sm-141c">
         <name>_sl_HandleAsync_Accept</name>
         <value>0x2000dbc5</value>
         <object_component_ref idref="oc-8b8"/>
      </symbol>
      <symbol id="sm-141d">
         <name>sl_SetSockOpt</name>
         <value>0x2000d3cd</value>
         <object_component_ref idref="oc-177"/>
      </symbol>
      <symbol id="sm-14bb">
         <name>sl_WlanDisconnect</name>
         <value>0x2000eebd</value>
         <object_component_ref idref="oc-105"/>
      </symbol>
      <symbol id="sm-14bc">
         <name>sl_WlanPolicySet</name>
         <value>0x2000d5b9</value>
         <object_component_ref idref="oc-f9"/>
      </symbol>
      <symbol id="sm-14bd">
         <name>sl_WlanProfileDel</name>
         <value>0x2000e5a9</value>
         <object_component_ref idref="oc-ff"/>
      </symbol>
      <symbol id="sm-14be">
         <name>sl_WlanRxFilterSet</name>
         <value>0x2000d9b9</value>
         <object_component_ref idref="oc-123"/>
      </symbol>
      <symbol id="sm-14bf">
         <name>sl_WlanConnect</name>
         <value>0x20009415</value>
         <object_component_ref idref="oc-142"/>
      </symbol>
      <symbol id="sm-14c0">
         <name>sl_WlanSet</name>
         <value>0x2000d449</value>
         <object_component_ref idref="oc-111"/>
      </symbol>
      <symbol id="sm-14c1">
         <name>sl_WlanSetMode</name>
         <value>0x2000e5ed</value>
         <object_component_ref idref="oc-e7"/>
      </symbol>
      <symbol id="sm-15c5">
         <name>g_cDummy</name>
         <value>0x2001f3fa</value>
      </symbol>
      <symbol id="sm-15c6">
         <name>NwpMaskInterrupt</name>
         <value>0x2000f3d9</value>
         <object_component_ref idref="oc-513"/>
      </symbol>
      <symbol id="sm-15c7">
         <name>NwpRegisterInterruptHandler</name>
         <value>0x2000e7b5</value>
         <object_component_ref idref="oc-2f3"/>
      </symbol>
      <symbol id="sm-15c8">
         <name>g_pHostIntHdl</name>
         <value>0x2001f7a4</value>
         <object_component_ref idref="oc-4fd"/>
      </symbol>
      <symbol id="sm-15c9">
         <name>NwpUnMaskInterrupt</name>
         <value>0x2000f3e5</value>
         <object_component_ref idref="oc-52d"/>
      </symbol>
      <symbol id="sm-15ca">
         <name>g_ucDinDout</name>
         <value>0x2001f328</value>
         <object_component_ref idref="oc-500"/>
      </symbol>
      <symbol id="sm-15cb">
         <name>NwpPowerOff</name>
         <value>0x2000e921</value>
         <object_component_ref idref="oc-2ed"/>
      </symbol>
      <symbol id="sm-15cc">
         <name>spi_Read</name>
         <value>0x2000b76d</value>
         <object_component_ref idref="oc-78b"/>
      </symbol>
      <symbol id="sm-15cd">
         <name>DmaSpiSwIntHandler</name>
         <value>0x2000ecc1</value>
         <object_component_ref idref="oc-503"/>
      </symbol>
      <symbol id="sm-15ce">
         <name>NwpPowerOn</name>
         <value>0x2000ee1d</value>
         <object_component_ref idref="oc-2f9"/>
      </symbol>
      <symbol id="sm-15cf">
         <name>spi_Close</name>
         <value>0x2000d631</value>
         <object_component_ref idref="oc-33e"/>
      </symbol>
      <symbol id="sm-15d0">
         <name>spi_Write</name>
         <value>0x2000ca49</value>
         <object_component_ref idref="oc-6e5"/>
      </symbol>
      <symbol id="sm-15d1">
         <name>spi_Open</name>
         <value>0x2000ac19</value>
         <object_component_ref idref="oc-2e1"/>
      </symbol>
      <symbol id="sm-15d2">
         <name>g_ucDMAEnabled</name>
         <value>0x2001f7a8</value>
         <object_component_ref idref="oc-4fd"/>
      </symbol>
      <symbol id="sm-15d3">
         <name>g_SpiFd</name>
         <value>0x2001f7a0</value>
         <object_component_ref idref="oc-4fd"/>
      </symbol>
      <symbol id="sm-162a">
         <name>uDMAChannelControlSet</name>
         <value>0x2000e8e5</value>
         <object_component_ref idref="oc-8cc"/>
      </symbol>
      <symbol id="sm-162b">
         <name>uDMAChannelAttributeEnable</name>
         <value>0x2000dcf1</value>
         <object_component_ref idref="oc-8d2"/>
      </symbol>
      <symbol id="sm-162c">
         <name>uDMAChannelTransferSet</name>
         <value>0x2000b85d</value>
         <object_component_ref idref="oc-8d8"/>
      </symbol>
      <symbol id="sm-162d">
         <name>uDMAChannelAssign</name>
         <value>0x2000e1d1</value>
         <object_component_ref idref="oc-69e"/>
      </symbol>
      <symbol id="sm-162e">
         <name>uDMAChannelAttributeDisable</name>
         <value>0x2000dc8d</value>
         <object_component_ref idref="oc-6a4"/>
      </symbol>
      <symbol id="sm-162f">
         <name>uDMAChannelEnable</name>
         <value>0x2000f005</value>
         <object_component_ref idref="oc-8de"/>
      </symbol>
      <symbol id="sm-1630">
         <name>__TI_static_base__</name>
         <value>0x2000ffa0</value>
      </symbol>
      <symbol id="sm-1633">
         <name>SHT$$INIT_ARRAY$$Limit</name>
         <value>0x0</value>
      </symbol>
      <symbol id="sm-1634">
         <name>SHT$$INIT_ARRAY$$Base</name>
         <value>0x0</value>
      </symbol>
      <symbol id="sm-1635">
         <name>remove</name>
         <value>0x20008c45</value>
      </symbol>
   </symbol_table>
   <title>Link successful</title>
</link_info>
