******************************************************************************
                  TI ARM Linker PC v5.2.5                      
******************************************************************************
>> Linked Fri May 27 17:06:16 2016

OUTPUT FILE NAME:   <ssl_Restful_API_AWS_SDK1.2.0_PORT.out>
ENTRY POINT SYMBOL: "_c_int00"  address: 2000e86d


MEMORY CONFIGURATION

         name            origin    length      used     unused   attr    fill
----------------------  --------  ---------  --------  --------  ----  --------
  SRAM_CODE             20004000   00013000  0000c09e  00006f62  RW X
  SRAM_DATA             20017000   00019000  000097ce  0000f832  RW X


SEGMENT ALLOCATION MAP

run origin  load origin   length   init length attrs members
----------  ----------- ---------- ----------- ----- -------
20004000    20004000    0000c0a0   0000c0a0    r-x
  20004000    20004000    00000400   00000400    r-- .intvecs
  20004400    20004400    0000b016   0000b016    r-x .text
  2000f418    2000f418    00000b88   00000b88    r-- .const
  2000ffa0    2000ffa0    00000100   00000100    r-- .cinit
20017000    20017000    000087d0   00000000    rw-
  20017000    20017000    00008000   00000000    rw- .sysmem
  2001f000    2001f000    000003fe   00000000    rw- .bss
  2001f400    2001f400    000003d0   00000000    rw- .data
2002f000    2002f000    00001000   00000000    rw-
  2002f000    2002f000    00001000   00000000    rw- .stack


SECTION ALLOCATION MAP

 output                                  attributes/
section   page    origin      length       input sections
--------  ----  ----------  ----------   ----------------
.intvecs   0    20004000    00000400     
                  20004000    00000400     startup_ccs.obj (.intvecs)

.init_array 
*          0    20004000    00000000     UNINITIALIZED

.text      0    20004400    0000b016     
                  20004400    00001b09     main.obj (.text)
                  20005f09    00000001     --HOLE-- [fill = 0]
                  20005f0a    00000002     driverlib.a : interrupt.obj (.text:IntDefaultHandler)
                  20005f0c    000010a6     rtsv7M4_T_le_eabi.lib : _printfi.obj (.text)
                  20006fb2    00000002     --HOLE-- [fill = 0]
                  20006fb4    00000a80     Adafruit_GFX.obj (.text)
                  20007a34    00000590     simplelink.a : driver.obj (.text:_SlDrvMsgRead)
                  20007fc4    00000476     Adafruit_OLED.obj (.text)
                  2000843a    00000002     --HOLE-- [fill = 0]
                  2000843c    000003dc     rtsv7M4_T_le_eabi.lib : memory.obj (.text)
                  20008818    0000039c     gpio_if.obj (.text)
                  20008bb4    0000030c     rtsv7M4_T_le_eabi.lib : lowlev.obj (.text)
                  20008ec0    000002d4                           : trgdrv.obj (.text)
                  20009194    00000280     uart_if.obj (.text)
                  20009414    00000260     simplelink.a : wlan.obj (.text:sl_WlanConnect)
                  20009674    000001fc                  : driver.obj (.text:_SlDrvRxHdrRead)
                  20009870    000001f4     rtsv7M4_T_le_eabi.lib : ull_div_t2.obj (.text)
                  20009a64    000001e4     simplelink.a : driver.obj (.text:_SlDrvDataReadOp)
                  20009c48    000001d0                  : driver.obj (.text:_SlDrvReleasePoolObj)
                  20009e18    000001c4     rtsv7M4_T_le_eabi.lib : fopen.obj (.text)
                  20009fdc    000001b6                           : fd_add_t2.obj (.text)
                  2000a192    00000002     --HOLE-- [fill = 0]
                  2000a194    000001b4     simplelink.a : driver.obj (.text:_SlDrvDriverCBInit)
                  2000a348    0000019c                  : driver.obj (.text:_SlDrvMsgWrite)
                  2000a4e4    00000190                  : driver.obj (.text:_SlDrvWaitForPoolObj)
                  2000a674    00000178     driverlib.a : prcm.obj (.text:PRCMCC3200MCUInit)
                  2000a7ec    00000170     simplelink.a : driver.obj (.text:_SlFindAndSetActiveObj)
                  2000a95c    0000016c                  : socket.obj (.text:sl_Connect)
                  2000aac8    00000150                  : driver.obj (.text:_SlDrvDataWriteOp)
                  2000ac18    00000148                  : cc_pal.obj (.text:spi_Open)
                  2000ad60    00000136     rtsv7M4_T_le_eabi.lib : fd_div_t2.obj (.text)
                  2000ae96    00000002     --HOLE-- [fill = 0]
                  2000ae98    00000134                           : fputs.obj (.text)
                  2000afcc    0000012c     simplelink.a : netapp.obj (.text:sl_NetAppDnsGetHostByName)
                  2000b0f8    00000128                  : driver.obj (.text:_SlDrvMsgReadCmdCtx)
                  2000b220    00000124                  : driver.obj (.text:_SlDrvDriverCBDeinit)
                  2000b344    00000118                  : socket.obj (.text:sl_Send)
                  2000b45c    00000110     rtsv7M4_T_le_eabi.lib : xdscale.obj (.text)
                  2000b56c    00000104     simplelink.a : netapp.obj (.text:_SlDrvNetAppEventHandler)
                  2000b670    000000fc     rtsv7M4_T_le_eabi.lib : fd_mul_t2.obj (.text)
                  2000b76c    000000f0     simplelink.a : cc_pal.obj (.text:spi_Read)
                  2000b85c    000000f0     driverlib.a : udma.obj (.text:uDMAChannelTransferSet)
                  2000b94c    000000e8     simplelink.a : driver.obj (.text:_SlAsyncEventGenericHandler)
                  2000ba34    000000e4                  : device.obj (.text:sl_Stop)
                  2000bb18    000000e0                  : device.obj (.text:sl_Start)
                  2000bbf8    000000dc                  : driver.obj (.text:_SlDrvClassifyRxMsg)
                  2000bcd4    000000dc     rtsv7M4_T_le_eabi.lib : setvbuf.obj (.text)
                  2000bdb0    000000d4     simplelink.a : driver.obj (.text:_SlDrvMsgReadSpawnCtx)
                  2000be84    000000cc                  : netapp.obj (.text:_sl_HandleAsync_DnsGetHostByService)
                  2000bf50    000000c8     pinmux.obj (.text)
                  2000c018    000000c8     rtsv7M4_T_le_eabi.lib : fflush.obj (.text)
                  2000c0e0    000000c8     simplelink.a : netapp.obj (.text:sl_NetAppMDNSRegisterUnregisterService)
                  2000c1a8    000000c4                  : driver.obj (.text:_SlRemoveFromList)
                  2000c26c    000000c0                  : driver.obj (.text:_SlDrvCmdOp)
                  2000c32c    000000be     rtsv7M4_T_le_eabi.lib : xdnorm.obj (.text)
                  2000c3ea    00000002     --HOLE-- [fill = 0]
                  2000c3ec    000000b4     simplelink.a : device.obj (.text:sl_DevGet)
                  2000c4a0    000000ac     rtsv7M4_T_le_eabi.lib : _io_perm.obj (.text)
                  2000c54c    000000a8     driverlib.a : interrupt.obj (.text:IntDisable)
                  2000c5f4    000000a8                 : interrupt.obj (.text:IntEnable)
                  2000c69c    000000a4     simplelink.a : driver.obj (.text:_SlDriverHandleError)
                  2000c740    000000a0     driverlib.a : spi.obj (.text:SPIConfigSetExpClk)
                  2000c7e0    0000009c     rtsv7M4_T_le_eabi.lib : memcpy_t2.obj (.text)
                  2000c87c    0000009a     simplelink.a : device.obj (.text:_SlDrvDeviceEventHandler)
                  2000c916    00000002     --HOLE-- [fill = 0]
                  2000c918    00000098     rtsv7M4_T_le_eabi.lib : fclose.obj (.text)
                  2000c9b0    00000098                           : fputc.obj (.text)
                  2000ca48    00000098     simplelink.a : cc_pal.obj (.text:spi_Write)
                  2000cae0    00000094     driverlib.a : prcm.obj (.text:PRCMPeripheralClockGet)
                  2000cb74    00000090     simplelink.a : netapp.obj (.text:_sl_HandleAsync_DnsGetHostByName)
                  2000cc04    00000090                  : netapp.obj (.text:_sl_HandleAsync_PingResponse)
                  2000cc94    0000008c                  : cc_pal.obj (.text:SetupDMAReceive)
                  2000cd20    0000008c                  : cc_pal.obj (.text:SetupDMASend)
                  2000cdac    00000088     driverlib.a : pin.obj (.text:PinConfigSet)
                  2000ce34    00000088     rtsv7M4_T_le_eabi.lib : vsnprintf.obj (.text)
                  2000cebc    00000088     simplelink.a : socket.obj (.text:sl_Recv)
                  2000cf44    00000086     rtsv7M4_T_le_eabi.lib : fd_cmp_t2.obj (.text:__aeabi_cdcmple)
                  2000cfca    00000086                           : fd_cmp_t2.obj (.text:__aeabi_cdrcmple)
                  2000d050    00000082     driverlib.a : gpio.obj (.text:GPIOIntTypeSet)
                  2000d0d2    00000002     --HOLE-- [fill = 0]
                  2000d0d4    00000080     simplelink.a : socket.obj (.text:_sl_HandleAsync_Connect)
                  2000d154    00000080                  : device.obj (.text:_sl_HandleAsync_InitComplete)
                  2000d1d4    00000080                  : cc_pal.obj (.text:spi_Read_CPU)
                  2000d254    00000080                  : cc_pal.obj (.text:spi_Write_CPU)
                  2000d2d4    0000007c                  : device.obj (.text:sl_DevSet)
                  2000d350    0000007c                  : netcfg.obj (.text:sl_NetCfgSet)
                  2000d3cc    0000007c                  : socket.obj (.text:sl_SetSockOpt)
                  2000d448    0000007c                  : wlan.obj (.text:sl_WlanSet)
                  2000d4c4    0000007a     rtsv7M4_T_le_eabi.lib : memset_t2.obj (.text)
                  2000d53e    00000002     --HOLE-- [fill = 0]
                  2000d540    00000078     simplelink.a : nonos.obj (.text:_SlNonOsSemGet)
                  2000d5b8    00000078                  : wlan.obj (.text:sl_WlanPolicySet)
                  2000d630    00000078                  : cc_pal.obj (.text:spi_Close)
                  2000d6a8    00000076     driverlib.a : uart.obj (.text:UARTConfigSetExpClk)
                  2000d71e    00000002     --HOLE-- [fill = 0]
                  2000d720    00000074     simplelink.a : nonos.obj (.text:_SlNonOsMainLoopTask)
                  2000d794    00000070     rtsv7M4_T_le_eabi.lib : printf.obj (.text)
                  2000d804    00000070     simplelink.a : socket.obj (.text:sl_Socket)
                  2000d874    0000006c                  : driver.obj (.text:_SlDrvCmdSend)
                  2000d8e0    0000006c                  : netapp.obj (.text:_sl_NetAppSendTokenValue)
                  2000d94c    0000006c     rtsv7M4_T_le_eabi.lib : autoinit.obj (.text)
                  2000d9b8    0000006c     simplelink.a : wlan.obj (.text:sl_WlanRxFilterSet)
                  2000da24    0000006a     rtsv7M4_T_le_eabi.lib : copy_decompress_rle.obj (.text)
                  2000da8e    00000002     --HOLE-- [fill = 0]
                  2000da90    00000068                           : trgmsg.obj (.text)
                  2000daf8    00000066                           : xdunscal.obj (.text)
                  2000db5e    00000002     --HOLE-- [fill = 0]
                  2000db60    00000064     simplelink.a : nonos.obj (.text:_SlNonOsSpawn)
                  2000dbc4    00000064                  : socket.obj (.text:_sl_HandleAsync_Accept)
                  2000dc28    00000064     rtsv7M4_T_le_eabi.lib : fseek.obj (.text)
                  2000dc8c    00000064     driverlib.a : udma.obj (.text:uDMAChannelAttributeDisable)
                  2000dcf0    00000064                 : udma.obj (.text:uDMAChannelAttributeEnable)
                  2000dd54    00000060     rtsv7M4_T_le_eabi.lib : sprintf.obj (.text)
                  2000ddb4    00000058     driverlib.a : interrupt.obj (.text:IntPendClear)
                  2000de0c    00000058                 : prcm.obj (.text:PRCMPeripheralReset)
                  2000de64    00000056     rtsv7M4_T_le_eabi.lib : ltoa.obj (.text)
                  2000deba    00000002     --HOLE-- [fill = 0]
                  2000debc    00000054     driverlib.a : interrupt.obj (.text:IntPrioritySet)
                  2000df10    00000054     simplelink.a : driver.obj (.text:_SlDrvRxIrqHandler)
                  2000df64    00000054                  : socket.obj (.text:_sl_HandleAsync_Select)
                  2000dfb8    00000050                  : device.obj (.text:_sl_HandleAsync_Stop)
                  2000e008    0000004c     driverlib.a : spi.obj (.text:SPIIntEnable)
                  2000e054    0000004c                 : spi.obj (.text:SPIIntNumberGet)
                  2000e0a0    0000004c     simplelink.a : driver.obj (.text:_SlDrvProtectAsyncRespSetting)
                  2000e0ec    0000004c                  : socket.obj (.text:_sl_BuildAddress)
                  2000e138    0000004c     rtsv7M4_T_le_eabi.lib : atoi.obj (.text)
                  2000e184    0000004c                           : cpy_tbl.obj (.text)
                  2000e1d0    0000004c     driverlib.a : udma.obj (.text:uDMAChannelAssign)
                  2000e21c    00000048                 : gpio.obj (.text:GPIOGetIntNumber)
                  2000e264    00000048                 : spi.obj (.text:SPIIntClear)
                  2000e2ac    00000048     simplelink.a : driver.obj (.text:_SlDrvBasicCmd)
                  2000e2f4    00000048     rtsv7M4_T_le_eabi.lib : fd_toi_t2.obj (.text)
                  2000e33c    00000048     simplelink.a : netapp.obj (.text:sl_NetAppMDNSUnRegisterService)
                  2000e384    00000046     rtsv7M4_T_le_eabi.lib : ldexp.obj (.text)
                  2000e3ca    00000002     --HOLE-- [fill = 0]
                  2000e3cc    00000044     driverlib.a : spi.obj (.text:SPIDmaMaskGet)
                  2000e410    00000044                 : uart.obj (.text:UARTIntNumberGet)
                  2000e454    00000044     simplelink.a : driver.obj (.text:_SlDrvHandleHttpServerEvents)
                  2000e498    00000044                  : driver.obj (.text:_SlDrvSyncObjWaitTimeout)
                  2000e4dc    00000044                  : cc_pal.obj (.text:cc_SetupTransfer)
                  2000e520    00000044     rtsv7M4_T_le_eabi.lib : exit.obj (.text)
                  2000e564    00000044     simplelink.a : socket.obj (.text:sl_Close)
                  2000e5a8    00000044                  : wlan.obj (.text:sl_WlanProfileDel)
                  2000e5ec    00000044                  : wlan.obj (.text:sl_WlanSetMode)
                  2000e630    00000042                  : socket.obj (.text:sl_Htonl)
                  2000e672    00000002     --HOLE-- [fill = 0]
                  2000e674    00000040     driverlib.a : pin.obj (.text:PinModeSet)
                  2000e6b4    00000040     simplelink.a : driver.obj (.text:_SlDrvHandleNetAppEvents)
                  2000e6f4    00000040                  : driver.obj (.text:_SlDrvHandleWlanEvents)
                  2000e734    00000040                  : socket.obj (.text:_sl_TruncatePayloadByProtocol)
                  2000e774    00000040     rtsv7M4_T_le_eabi.lib : signal.obj (.text)
                  2000e7b4    0000003e     simplelink.a : cc_pal.obj (.text:NwpRegisterInterruptHandler)
                  2000e7f2    0000003c                  : netapp.obj (.text:CopyPingResultsToReport)
                  2000e82e    00000002     --HOLE-- [fill = 0]
                  2000e830    0000003c     driverlib.a : prcm.obj (.text:PRCMPeripheralClkEnable)
                  2000e86c    0000003c     rtsv7M4_T_le_eabi.lib : boot.obj (.text)
                  2000e8a8    0000003c     simplelink.a : socket.obj (.text:sl_Htons)
                  2000e8e4    0000003c     driverlib.a : udma.obj (.text:uDMAChannelControlSet)
                  2000e920    00000038     simplelink.a : cc_pal.obj (.text:NwpPowerOff)
                  2000e958    00000036     driverlib.a : gpio.obj (.text:GPIODirModeSet)
                  2000e98e    00000002     --HOLE-- [fill = 0]
                  2000e990    00000034                 : prcm.obj (.text:PRCMPeripheralStatusGet)
                  2000e9c4    00000034                 : spi.obj (.text:SPIFIFOLevelSet)
                  2000e9f8    00000034     rtsv7M4_T_le_eabi.lib : feraiseexcept.obj (.text)
                  2000ea2c    00000030     driverlib.a : pin.obj (.text:PinTypeGPIO)
                  2000ea5c    00000030                 : uart.obj (.text:UARTDisable)
                  2000ea8c    00000030     rtsv7M4_T_le_eabi.lib : strncpy.obj (.text)
                  2000eabc    00000030                           : xferaise.obj (.text)
                  2000eaec    0000002e                           : i_tofd_t2.obj (.text)
                  2000eb1a    0000002e                           : raise.obj (.text)
                  2000eb48    0000002c     driverlib.a : prcm.obj (.text:PRCMSysResetCauseGet)
                  2000eb74    0000002c     simplelink.a : driver.obj (.text:_SlDrvObjGlobalLockWaitForever)
                  2000eba0    0000002c                  : driver.obj (.text:_SlDrvProtectionObjLockWaitForever)
                  2000ebcc    0000002a     rtsv7M4_T_le_eabi.lib : xdclass.obj (.text)
                  2000ebf6    00000002     --HOLE-- [fill = 0]
                  2000ebf8    00000028     driverlib.a : prcm.obj (.text:PRCMPeripheralClkDisable)
                  2000ec20    00000028     simplelink.a : driver.obj (.text:_SlDrvGlobalObjUnLock)
                  2000ec48    00000028                  : driver.obj (.text:_SlDrvProtectionObjUnLock)
                  2000ec70    00000028                  : driver.obj (.text:_SlDrvSyncObjWaitForever)
                  2000ec98    00000026     network_common.obj (.text)
                  2000ecbe    00000002     --HOLE-- [fill = 0]
                  2000ecc0    00000024     simplelink.a : cc_pal.obj (.text:DmaSpiSwIntHandler)
                  2000ece4    00000024     driverlib.a : interrupt.obj (.text:IntUnregister)
                  2000ed08    00000024                 : uart.obj (.text:UARTEnable)
                  2000ed2c    00000024     simplelink.a : driver.obj (.text:_SlDrvObjLockWaitForever)
                  2000ed50    00000024     rtsv7M4_T_le_eabi.lib : memmov.obj (.text)
                  2000ed74    00000022     driverlib.a : spi.obj (.text:SPIReset)
                  2000ed96    00000022                 : spi.obj (.text:SPIWordCountSet)
                  2000edb8    00000022     rtsv7M4_T_le_eabi.lib : frexp.obj (.text)
                  2000edda    00000020     driverlib.a : gpio.obj (.text:GPIOPinWrite)
                  2000edfa    00000002     --HOLE-- [fill = 0]
                  2000edfc    00000020                 : interrupt.obj (.text:IntRegister)
                  2000ee1c    00000020     simplelink.a : cc_pal.obj (.text:NwpPowerOn)
                  2000ee3c    00000020     driverlib.a : spi.obj (.text:SPIDataGet)
                  2000ee5c    00000020     simplelink.a : driver.obj (.text:_SlDrvObjUnLock)
                  2000ee7c    00000020                  : driver.obj (.text:_SlDrvSyncObjSignal)
                  2000ee9c    00000020     rtsv7M4_T_le_eabi.lib : memchr.obj (.text)
                  2000eebc    00000020     simplelink.a : wlan.obj (.text:sl_WlanDisconnect)
                  2000eedc    0000001e     driverlib.a : gpio.obj (.text:GPIOIntRegister)
                  2000eefa    0000001e                 : spi.obj (.text:SPIDataPut)
                  2000ef18    0000001e                 : uart.obj (.text:UARTCharPut)
                  2000ef36    0000001e                 : uart.obj (.text:UARTIntRegister)
                  2000ef54    0000001e                 : uart.obj (.text:UARTIntStatus)
                  2000ef72    0000001e     simplelink.a : cc_pal.obj (.text:cc_UDMAChannelSelect)
                  2000ef90    0000001e     rtsv7M4_T_le_eabi.lib : ll_lsl_t2.obj (.text)
                  2000efae    00000002     --HOLE-- [fill = 0]
                  2000efb0    0000001c     driverlib.a : systick.obj (.text:SysTickIntRegister)
                  2000efcc    0000001c                 : uart.obj (.text:UARTCharGetNonBlocking)
                  2000efe8    0000001c     rtsv7M4_T_le_eabi.lib : memccpy.obj (.text)
                  2000f004    0000001c     driverlib.a : udma.obj (.text:uDMAChannelEnable)
                  2000f020    0000001a                 : gpio.obj (.text:GPIOIntDisable)
                  2000f03a    0000001a                 : gpio.obj (.text:GPIOIntEnable)
                  2000f054    0000001a                 : pin.obj (.text:PinTypeSPI)
                  2000f06e    0000001a                 : pin.obj (.text:PinTypeUART)
                  2000f088    0000001a                 : spi.obj (.text:SPIDmaDisable)
                  2000f0a2    0000001a                 : spi.obj (.text:SPIDmaEnable)
                  2000f0bc    0000001a                 : spi.obj (.text:SPIFIFODisable)
                  2000f0d6    0000001a                 : spi.obj (.text:SPIFIFOEnable)
                  2000f0f0    0000001a                 : spi.obj (.text:SPIIntUnregister)
                  2000f10a    00000018                 : gpio.obj (.text:GPIOPinRead)
                  2000f122    00000018                 : spi.obj (.text:SPICSDisable)
                  2000f13a    00000018                 : spi.obj (.text:SPICSEnable)
                  2000f152    00000018                 : spi.obj (.text:SPIDisable)
                  2000f16a    00000018                 : spi.obj (.text:SPIEnable)
                  2000f182    00000002     --HOLE-- [fill = 0]
                  2000f184    00000018                 : systick.obj (.text:SysTickPeriodSet)
                  2000f19c    00000018                 : uart.obj (.text:UARTCharsAvail)
                  2000f1b4    00000018                 : uart.obj (.text:UARTIntDisable)
                  2000f1cc    00000018                 : uart.obj (.text:UARTIntEnable)
                  2000f1e4    00000018     simplelink.a : nonos.obj (.text:_SlNonOsSemSet)
                  2000f1fc    00000018                  : device.obj (.text:_sl_GetStartResponseConvert)
                  2000f214    00000018     rtsv7M4_T_le_eabi.lib : args_main.obj (.text)
                  2000f22c    00000018                           : strcmp.obj (.text)
                  2000f244    00000016     driverlib.a : prcm.obj (.text:PRCMHIBRegRead)
                  2000f25a    00000016                 : prcm.obj (.text:PRCMHIBRegWrite)
                  2000f270    00000016                 : uart.obj (.text:UARTCharGet)
                  2000f286    00000016                 : uart.obj (.text:UARTFIFODisable)
                  2000f29c    00000016                 : uart.obj (.text:UARTFIFOEnable)
                  2000f2b2    00000016     simplelink.a : driver.obj (.text:_SlDrvMemZero)
                  2000f2c8    00000016     rtsv7M4_T_le_eabi.lib : strchr.obj (.text)
                  2000f2de    00000014     driverlib.a : cpu.obj (.text:CPUcpsie)
                  2000f2f2    00000014                 : gpio.obj (.text:GPIOIntClear)
                  2000f306    00000002     --HOLE-- [fill = 0]
                  2000f308    00000014                 : interrupt.obj (.text:IntVTableBaseSet)
                  2000f31c    00000014     rtsv7M4_T_le_eabi.lib : _lock.obj (.text)
                  2000f330    00000014                           : strcpy.obj (.text)
                  2000f344    00000014                           : strlen.obj (.text)
                  2000f358    00000012     driverlib.a : uart.obj (.text:UARTIntClear)
                  2000f36a    00000002     --HOLE-- [fill = 0]
                  2000f36c    00000010                 : systick.obj (.text:SysTickDisable)
                  2000f37c    00000010                 : systick.obj (.text:SysTickEnable)
                  2000f38c    00000010                 : systick.obj (.text:SysTickIntEnable)
                  2000f39c    00000010     simplelink.a : driver.obj (.text:_SlDrvDispatchHttpServerEvents)
                  2000f3ac    0000000e                  : driver.obj (.text:_SlDrvResetCmdExt)
                  2000f3ba    0000000e     rtsv7M4_T_le_eabi.lib : copy_decompress_none.obj (.text:decompress:none)
                  2000f3c8    0000000e     startup_ccs.obj (.text)
                  2000f3d6    00000002     --HOLE-- [fill = 0]
                  2000f3d8    0000000c     simplelink.a : cc_pal.obj (.text:NwpMaskInterrupt)
                  2000f3e4    0000000c                  : cc_pal.obj (.text:NwpUnMaskInterrupt)
                  2000f3f0    0000000c     rtsv7M4_T_le_eabi.lib : copy_zero_init.obj (.text:decompress:ZI)
                  2000f3fc    0000000a     driverlib.a : interrupt.obj (.text:IntMasterEnable)
                  2000f406    00000006                 : utils.obj (.text:UtilsDelay)
                  2000f40c    00000006     rtsv7M4_T_le_eabi.lib : copy_decompress_rle.obj (.text:decompress:rle24)
                  2000f412    00000004                           : pre_init.obj (.text)

.const     0    2000f418    00000b88     
                  2000f418    000004fb     Adafruit_GFX.obj (.const:.string:font)
                  2000f913    00000101     rtsv7M4_T_le_eabi.lib : ctype.obj (.const:.string:_ctypes_)
                  2000fa14    00000100     driverlib.a : pin.obj (.const:g_ulPinToPadMap)
                  2000fb14    000000d4                 : interrupt.obj (.const:g_pulRegs)
                  2000fbe8    000000a8                 : prcm.obj (.const:PRCM_PeriphRegsList)
                  2000fc90    00000080                 : interrupt.obj (.const)
                  2000fd10    0000005c     main.obj (.const:.string)
                  2000fd6c    0000003c     simplelink.a : driver.obj (.const:OpcodeTranslateTable)
                  2000fda8    0000003c                  : wlan.obj (.const)
                  2000fde4    00000038                  : driver.obj (.const:_SlActionLookupTable)
                  2000fe1c    00000038                  : driver.obj (.const)
                  2000fe54    00000034                  : socket.obj (.const)
                  2000fe88    0000002c     main.obj (.const:$P$T1$2)
                  2000feb4    00000028     simplelink.a : netapp.obj (.const)
                  2000fedc    00000024     driverlib.a : spi.obj (.const:g_ppulSPIIntMap)
                  2000ff00    00000022     main.obj (.const:.string:$P$T0$1)
                  2000ff22    00000002     --HOLE-- [fill = 0]
                  2000ff24    00000020     main.obj (.const)
                  2000ff44    0000001c     simplelink.a : device.obj (.const)
                  2000ff60    00000018     driverlib.a : spi.obj (.const)
                  2000ff78    00000010     simplelink.a : socket.obj (.const:.string)
                  2000ff88    00000010     driverlib.a : uart.obj (.const)
                  2000ff98    00000008     simplelink.a : netcfg.obj (.const)

.cinit     0    2000ffa0    00000100     
                  2000ffa0    000000dc     (.cinit..data.load) [load image, compression = rle]
                  2001007c    0000000c     (__TI_handler_table)
                  20010088    00000008     (.cinit..bss.load) [load image, compression = zero_init]
                  20010090    00000010     (__TI_cinit_table)

.sysmem    0    20017000    00008000     UNINITIALIZED
                  20017000    00000008     rtsv7M4_T_le_eabi.lib : memory.obj (.sysmem)
                  20017008    00007ff8     --HOLE--

.bss       0    2001f000    000003fe     UNINITIALIZED
                  2001f000    00000168     simplelink.a : driver.obj (.bss:g_StatMem)
                  2001f168    00000120     rtsv7M4_T_le_eabi.lib : trgmsg.obj (.bss:__CIOBUF_)
                  2001f288    000000a0                           : defs.obj (.bss:__TI_tmpnams)
                  2001f328    00000050     simplelink.a : cc_pal.obj (.bss:g_ucDinDout)
                  2001f378    0000002c     main.obj (.bss:g_time)
                  2001f3a4    00000024     main.obj (.bss:g_ucConnectionSSID)
                  2001f3c8    00000008     (.common:MessageRx)
                  2001f3d0    00000008     (.common:MessageTx)
                  2001f3d8    00000008     (.common:bitsequence)
                  2001f3e0    00000008     (.common:g_ucConnectionBSSID)
                  2001f3e8    00000008     (.common:parmbuf)
                  2001f3f0    00000004     (.common:__Errorlog)
                  2001f3f4    00000004     (.common:index)
                  2001f3f8    00000001     (.common:RxIrqCnt)
                  2001f3f9    00000001     (.common:g_bDeviceRestartIsRequired)
                  2001f3fa    00000001     (.common:g_cDummy)
                  2001f3fb    00000001     (.common:g_ucLED1Pin)
                  2001f3fc    00000001     (.common:g_ucLED2Pin)
                  2001f3fd    00000001     (.common:g_ucLED3Pin)

.TI.noinit 
*          0    2001f000    00000000     UNINITIALIZED

.data      0    2001f400    000003d0     UNINITIALIZED
                  2001f400    000000f0     rtsv7M4_T_le_eabi.lib : defs.obj (.data:_ftable)
                  2001f4f0    000000d0                           : lowlev.obj (.data)
                  2001f5c0    000000b0                           : signal.obj (.data:sigtable)
                  2001f670    00000080                           : xvalues.obj (.data)
                  2001f6f0    0000003c     simplelink.a : nonos.obj (.data:g__SlNonOsCB)
                  2001f72c    00000020     gpio_if.obj (.data)
                  2001f74c    00000015     Adafruit_GFX.obj (.data)
                  2001f761    00000003     --HOLE--
                  2001f764    00000010     main.obj (.data)
                  2001f774    00000010     rtsv7M4_T_le_eabi.lib : defs.obj (.data)
                  2001f784    0000000d     simplelink.a : driver.obj (.data)
                  2001f791    00000003     --HOLE--
                  2001f794    0000000c     rtsv7M4_T_le_eabi.lib : memory.obj (.data)
                  2001f7a0    00000009     simplelink.a : cc_pal.obj (.data)
                  2001f7a9    00000003     --HOLE--
                  2001f7ac    00000008     rtsv7M4_T_le_eabi.lib : _lock.obj (.data)
                  2001f7b4    00000008                           : exit.obj (.data)
                  2001f7bc    00000008                           : feraiseexcept.obj (.data)
                  2001f7c4    00000004                           : errno.obj (.data)
                  2001f7c8    00000004                           : fopen.obj (.data)
                  2001f7cc    00000004                           : stkdepth_vars.obj (.data)

.TI.persistent 
*          0    2001f400    00000000     UNINITIALIZED

.stack     0    2002f000    00001000     UNINITIALIZED
                  2002f000    00001000     --HOLE--


LINKER GENERATED COPY TABLES

__TI_cinit_table @ 20010090 records: 2, size/record: 8, table size: 16
	.data: load addr=2000ffa0, load size=000000dc bytes, run addr=2001f400, run size=000003d0 bytes, compression=rle
	.bss: load addr=20010088, load size=00000008 bytes, run addr=2001f000, run size=000003fe bytes, compression=zero_init


LINKER GENERATED HANDLER TABLE

__TI_handler_table @ 2001007c records: 3, size/record: 4, table size: 12
	index: 0, handler: __TI_decompress_rle24
	index: 1, handler: __TI_decompress_none
	index: 2, handler: __TI_zero_init


GLOBAL SYMBOLS: SORTED ALPHABETICALLY BY Name 

address   name                                  
-------   ----                                  
20008025  Adafruit_Init                         
2000e521  C$$EXIT                               
2000dabf  C$$IO$$                               
2000f2df  CPUcpsie                              
200091d5  ClearTerm                             
2000819b  Color565                              
2000ecc1  DmaSpiSwIntHandler                    
200091df  Error                                 
2000e959  GPIODirModeSet                        
2000f2f3  GPIOIntClear                          
2000f021  GPIOIntDisable                        
2000f03b  GPIOIntEnable                         
2000524d  GPIOIntHandler                        
200052b5  GPIOIntInit                           
2000eedd  GPIOIntRegister                       
2000d051  GPIOIntTypeSet                        
2000f10b  GPIOPinRead                           
2000eddb  GPIOPinWrite                          
20008ad9  GPIO_IF_ConfigureNIntEnable           
20008b65  GPIO_IF_Get                           
20008a93  GPIO_IF_GetPortNPin                   
20008855  GPIO_IF_LedConfigure                  
20008947  GPIO_IF_LedOff                        
20008893  GPIO_IF_LedOn                         
200089fb  GPIO_IF_LedStatus                     
20008a65  GPIO_IF_LedToggle                     
20008b21  GPIO_IF_Set                           
20009217  GetCmd                                
2000914d  HOSTclock                             
20009115  HOSTclose                             
200090d7  HOSTgetenv                            
2000907b  HOSTlseek                             
20009029  HOSTopen                              
20008fdd  HOSTread                              
20008f7f  HOSTrename                            
20008f45  HOSTtime                              
20008f0d  HOSTunlink                            
20008ec1  HOSTwrite                             
20009195  InitTerm                              
2000c54d  IntDisable                            
2000c5f5  IntEnable                             
2000f3fd  IntMasterEnable                       
2000ddb5  IntPendClear                          
2000debd  IntPrioritySet                        
2000edfd  IntRegister                           
2000ece5  IntUnregister                         
2000f309  IntVTableBaseSet                      
200091b3  Message                               
2001f3c8  MessageRx                             
2001f3d0  MessageTx                             
2000f3d9  NwpMaskInterrupt                      
2000e921  NwpPowerOff                           
2000ee1d  NwpPowerOn                            
2000e7b5  NwpRegisterInterruptHandler           
2000f3e5  NwpUnMaskInterrupt                    
2000fd6c  OpcodeTranslateTable                  
2000795f  Outstr                                
2000a675  PRCMCC3200MCUInit                     
2000f245  PRCMHIBRegRead                        
2000f25b  PRCMHIBRegWrite                       
2000ebf9  PRCMPeripheralClkDisable              
2000e831  PRCMPeripheralClkEnable               
2000cae1  PRCMPeripheralClockGet                
2000de0d  PRCMPeripheralReset                   
2000e991  PRCMPeripheralStatusGet               
2000eb49  PRCMSysResetCauseGet                  
2000cdad  PinConfigSet                          
2000e675  PinModeSet                            
2000bf51  PinMuxConfig                          
2000ea2d  PinTypeGPIO                           
2000f055  PinTypeSPI                            
2000f06f  PinTypeUART                           
20009355  Report                                
2000f3c9  ResetISR                              
2001f3f8  RxIrqCnt                              
UNDEFED   SHT$$INIT_ARRAY$$Base                 
UNDEFED   SHT$$INIT_ARRAY$$Limit                
2000f123  SPICSDisable                          
2000f13b  SPICSEnable                           
2000c741  SPIConfigSetExpClk                    
2000ee3d  SPIDataGet                            
2000eefb  SPIDataPut                            
2000f153  SPIDisable                            
2000f089  SPIDmaDisable                         
2000f0a3  SPIDmaEnable                          
2000f16b  SPIEnable                             
2000f0bd  SPIFIFODisable                        
2000f0d7  SPIFIFOEnable                         
2000e9c5  SPIFIFOLevelSet                       
2000503b  SPIInit                               
2000e265  SPIIntClear                           
2000e009  SPIIntEnable                          
2000f0f1  SPIIntUnregister                      
2000ed75  SPIReset                              
2000ed97  SPIWordCountSet                       
200045d5  SimpleLinkGeneralEventHandler         
200045b1  SimpleLinkHttpServerCallback          
2000450f  SimpleLinkNetAppEventHandler          
200045f5  SimpleLinkSockEventHandler            
20004401  SimpleLinkWlanEventHandler            
2000f36d  SysTickDisable                        
2000f37d  SysTickEnable                         
2000f38d  SysTickIntEnable                      
2000efb1  SysTickIntRegister                    
2000f185  SysTickPeriodSet                      
200053e5  SystickIntHandler                     
20005441  SystickIntInit                        
200092bd  TrimSpace                             
20005205  UART1IntInit                          
2000f271  UARTCharGet                           
2000efcd  UARTCharGetNonBlocking                
2000ef19  UARTCharPut                           
2000f19d  UARTCharsAvail                        
2000d6a9  UARTConfigSetExpClk                   
2000ea5d  UARTDisable                           
2000ed09  UARTEnable                            
2000f287  UARTFIFODisable                       
2000f29d  UARTFIFOEnable                        
2000f359  UARTIntClear                          
2000f1b5  UARTIntDisable                        
2000f1cd  UARTIntEnable                         
2000ef37  UARTIntRegister                       
2000ef55  UARTIntStatus                         
2000f407  UtilsDelay                            
2000ebcd  _Dclass                               
2001f670  _Denorm                               
2000c32d  _Dnorm                                
2000b45d  _Dscale                               
2000daf9  _Dunscale                             
2001f680  _Eps                                  
2001f7c4  _Errno                                
2001f7bc  _Fenv                                 
2000eabd  _Feraise                              
2001f690  _Hugeval                              
2001f6a0  _Inf                                  
2001f6b0  _Nan                                  
2001f6d0  _Rteps                                
2000fde4  _SlActionLookupTable                  
2000c69d  _SlDriverHandleError                  
2000e2ad  _SlDrvBasicCmd                        
2000c26d  _SlDrvCmdOp                           
2000d875  _SlDrvCmdSend                         
20009a65  _SlDrvDataReadOp                      
2000aac9  _SlDrvDataWriteOp                     
2000c87d  _SlDrvDeviceEventHandler              
2000f39d  _SlDrvDispatchHttpServerEvents        
2000b221  _SlDrvDriverCBDeinit                  
2000a195  _SlDrvDriverCBInit                    
2000ec21  _SlDrvGlobalObjUnLock                 
2000e455  _SlDrvHandleHttpServerEvents          
2000e6b5  _SlDrvHandleNetAppEvents              
2000e6f5  _SlDrvHandleWlanEvents                
2000f2b3  _SlDrvMemZero                         
2000bdb1  _SlDrvMsgReadSpawnCtx                 
2000b56d  _SlDrvNetAppEventHandler              
2000ed2d  _SlDrvObjLockWaitForever              
2000ee5d  _SlDrvObjUnLock                       
2000e0a1  _SlDrvProtectAsyncRespSetting         
2000eba1  _SlDrvProtectionObjLockWaitForever    
2000ec49  _SlDrvProtectionObjUnLock             
20009c49  _SlDrvReleasePoolObj                  
2000f3ad  _SlDrvResetCmdExt                     
2000df11  _SlDrvRxIrqHandler                    
2000ee7d  _SlDrvSyncObjSignal                   
2000ec71  _SlDrvSyncObjWaitForever              
2000e499  _SlDrvSyncObjWaitTimeout              
2000a4e5  _SlDrvWaitForPoolObj                  
2000fed0  _SlNetAppSendTokenValueCmdCtrl        
2000d721  _SlNonOsMainLoopTask                  
2000d541  _SlNonOsSemGet                        
2000f1e5  _SlNonOsSemSet                        
2000db61  _SlNonOsSpawn                         
2001f6c0  _Snan                                 
2001f7c0  _Tls_setup__Fenv                      
2001f6e0  _Xbig                                 
2001f6e8  _Zero                                 
2001f168  __CIOBUF_                             
20030000  __STACK_END                           
00001000  __STACK_SIZE                          
00008000  __SYSMEM_SIZE                         
20010090  __TI_CINIT_Base                       
200100a0  __TI_CINIT_Limit                      
2001007c  __TI_Handler_Table_Base               
20010088  __TI_Handler_Table_Limit              
2000d94d  __TI_auto_init                        
20009ee1  __TI_cleanup                          
2001f7b4  __TI_cleanup_ptr                      
2000c919  __TI_closefile                        
2000f3bb  __TI_decompress_none                  
2000f40d  __TI_decompress_rle24                 
2000c019  __TI_doflush                          
2001f7b8  __TI_dtors_ptr                        
2001f774  __TI_ft_end                           
20006cad  __TI_printfi                          
2000c503  __TI_rd_ok                            
2000dac3  __TI_readmsg                          
2000ffa0  __TI_static_base__                    
2001f288  __TI_tmpnams                          
2000da91  __TI_writemsg                         
2000c4a1  __TI_wrt_ok                           
2000f3f1  __TI_zero_init                        
2000cf45  __aeabi_cdcmpeq                       
2000cf45  __aeabi_cdcmple                       
2000cfcb  __aeabi_cdrcmple                      
2000e2f5  __aeabi_d2iz                          
20009fe7  __aeabi_dadd                          
2000ad61  __aeabi_ddiv                          
2000b671  __aeabi_dmul                          
20009fdd  __aeabi_dsub                          
2000eaed  __aeabi_i2d                           
2000ef91  __aeabi_llsl                          
2000d4c5  __aeabi_memclr                        
2000d4c5  __aeabi_memclr4                       
2000d4c5  __aeabi_memclr8                       
2000c7e1  __aeabi_memcpy                        
2000c7e1  __aeabi_memcpy4                       
2000c7e1  __aeabi_memcpy8                       
2000d4c7  __aeabi_memset                        
2000d4c7  __aeabi_memset4                       
2000d4c7  __aeabi_memset8                       
2001f780  __aeabi_stderr                        
2001f778  __aeabi_stdin                         
2001f77c  __aeabi_stdout                        
20009871  __aeabi_uldivmod                      
ffffffff  __binit__                             
ffffffff  __c_args__                            
2002f000  __stack                               
2000f215  _args_main                            
2000e86d  _c_int00                              
2000f913  _ctypes_                              
2001f400  _ftable                               
2001f7ac  _lock                                 
2000f32b  _nop                                  
2000f323  _register_lock                        
2000f31d  _register_unlock                      
2000dbc5  _sl_HandleAsync_Accept                
2000d0d5  _sl_HandleAsync_Connect               
2000cb75  _sl_HandleAsync_DnsGetHostByName      
2000be85  _sl_HandleAsync_DnsGetHostByService   
2000d155  _sl_HandleAsync_InitComplete          
2000cc05  _sl_HandleAsync_PingResponse          
2000df65  _sl_HandleAsync_Select                
2000dfb9  _sl_HandleAsync_Stop                  
2000d8e1  _sl_NetAppSendTokenValue              
20017000  _sys_memory                           
2000f413  _system_pre_init                      
2001f7b0  _unlock                               
2000e525  abort                                 
20008e15  add_device                            
2000e139  atoi                                  
ffffffff  binit                                 
2001f3d8  bitsequence                           
200087e5  calloc                                
20008dc5  close                                 
2000e185  copy_in                               
2001f74c  cursor_x                              
2001f750  cursor_y                              
20007813  drawChar                              
20006fb5  drawCircle                            
200070e9  drawCircleHelper                      
20008345  drawFastHLine                         
200082a9  drawFastVLine                         
2000732f  drawLine                              
200083e1  drawPixel                             
2000741b  drawRect                              
20007469  drawRoundRect                         
200075d1  drawTriangle                          
2000e52d  exit                                  
2000c97f  fclose                                
2000e9f9  feraiseexcept                         
2000c065  fflush                                
20007207  fillCircle                            
20007241  fillCircleHelper                      
200081f3  fillRect                              
20007557  fillRoundRect                         
200081dd  fillScreen                            
20007613  fillTriangle                          
20009f37  fopen                                 
2000c9b1  fputc                                 
2000ae99  fputs                                 
20008533  free                                  
20009f0d  freopen                               
2000edb9  frexp                                 
2000dc29  fseek                                 
2001f770  g_Host                                
2001f7a0  g_SpiFd                               
2001f6f0  g__SlNonOsCB                          
2001f3f9  g_bDeviceRestartIsRequired            
2001f3fa  g_cDummy                              
2001f788  g_pCB                                 
2001f7a4  g_pHostIntHdl                         
20004000  g_pfnVectors                          
2001f378  g_time                                
2001f3e0  g_ucConnectionBSSID                   
2001f3a4  g_ucConnectionSSID                    
2001f7a8  g_ucDMAEnabled                        
2001f328  g_ucDinDout                           
2001f3fb  g_ucLED1Pin                           
2001f3fc  g_ucLED2Pin                           
2001f3fd  g_ucLED3Pin                           
2001f740  g_uiLED1Port                          
2001f744  g_uiLED2Port                          
2001f748  g_uiLED3Port                          
2001f76c  g_ulGatewayIP                         
2001f768  g_ulPingPacketsRecv                   
2001f764  g_ulStatus                            
20008157  goTo                                  
20007a13  height                                
2001f3f4  index                                 
2000841f  invert                                
2000e385  ldexp                                 
20008da1  lseek                                 
2000de65  ltoa                                  
20005a99  main                                  
2001f7cc  main_func_sp                          
200084cb  malloc                                
20008701  memalign                              
2000efe9  memccpy                               
2000ee9d  memchr                                
2000c7e1  memcpy                                
2000ed51  memmove                               
2000d4cd  memset                                
2000843d  minit                                 
20008cf3  open                                  
2001f78c  pPingCallBackFunc                     
2000d79d  printf                                
2000c9b1  putc                                  
2000ca35  putchar                               
2000afa5  puts                                  
2000eb1b  raise                                 
20008ccf  read                                  
200085f5  realloc                               
20005161  receiveMessage                        
2000546d  remote                                
20008c45  remove                                
20008ca7  remove_device                         
20008c69  rename                                
20005071  sendMessage                           
200079ab  setCursor                             
200079e3  setTextColor                          
200079c3  setTextSize                           
200079fb  setTextWrap                           
2000bcd5  setvbuf                               
2000e775  signal                                
2000e565  sl_Close                              
2000a95d  sl_Connect                            
2000c3ed  sl_DevGet                             
2000d2d5  sl_DevSet                             
2000e631  sl_Htonl                              
2000e8a9  sl_Htons                              
2000afcd  sl_NetAppDnsGetHostByName             
2000c0e1  sl_NetAppMDNSRegisterUnregisterService
2000e33d  sl_NetAppMDNSUnRegisterService        
2000d351  sl_NetCfgSet                          
2000ec99  sl_Provisioning_HttpServerEventHdl    
2000eca7  sl_Provisioning_NetAppEventHdl        
2000ecb3  sl_Provisioning_WlanEventHdl          
2000cebd  sl_Recv                               
2000b345  sl_Send                               
2000d3cd  sl_SetSockOpt                         
2000d805  sl_Socket                             
2000bb19  sl_Start                              
2000ba35  sl_Stop                               
20009415  sl_WlanConnect                        
2000eebd  sl_WlanDisconnect                     
2000d5b9  sl_WlanPolicySet                      
2000e5a9  sl_WlanProfileDel                     
2000d9b9  sl_WlanRxFilterSet                    
2000d449  sl_WlanSet                            
2000e5ed  sl_WlanSetMode                        
2000d631  spi_Close                             
2000ac19  spi_Open                              
2000b76d  spi_Read                              
2000ca49  spi_Write                             
2000dd55  sprintf                               
2000f2c9  strchr                                
2000f22d  strcmp                                
2000f331  strcpy                                
2000f345  strlen                                
2000ea8d  strncpy                               
2001f75c  textbgcolor                           
2001f758  textcolor                             
2001f754  textsize                              
2000e1d1  uDMAChannelAssign                     
2000dc8d  uDMAChannelAttributeDisable           
2000dcf1  uDMAChannelAttributeEnable            
2000e8e5  uDMAChannelControlSet                 
2000f005  uDMAChannelEnable                     
2000b85d  uDMAChannelTransferSet                
20008c45  unlink                                
2000ce35  vsnprintf                             
20007a0f  width                                 
2001f760  wrap                                  
20008bb5  write                                 
20007fc5  writeCommand                          
20007ff5  writeData                             


GLOBAL SYMBOLS: SORTED BY Symbol Address 

address   name                                  
-------   ----                                  
00001000  __STACK_SIZE                          
00008000  __SYSMEM_SIZE                         
20004000  g_pfnVectors                          
20004401  SimpleLinkWlanEventHandler            
2000450f  SimpleLinkNetAppEventHandler          
200045b1  SimpleLinkHttpServerCallback          
200045d5  SimpleLinkGeneralEventHandler         
200045f5  SimpleLinkSockEventHandler            
2000503b  SPIInit                               
20005071  sendMessage                           
20005161  receiveMessage                        
20005205  UART1IntInit                          
2000524d  GPIOIntHandler                        
200052b5  GPIOIntInit                           
200053e5  SystickIntHandler                     
20005441  SystickIntInit                        
2000546d  remote                                
20005a99  main                                  
20006cad  __TI_printfi                          
20006fb5  drawCircle                            
200070e9  drawCircleHelper                      
20007207  fillCircle                            
20007241  fillCircleHelper                      
2000732f  drawLine                              
2000741b  drawRect                              
20007469  drawRoundRect                         
20007557  fillRoundRect                         
200075d1  drawTriangle                          
20007613  fillTriangle                          
20007813  drawChar                              
2000795f  Outstr                                
200079ab  setCursor                             
200079c3  setTextSize                           
200079e3  setTextColor                          
200079fb  setTextWrap                           
20007a0f  width                                 
20007a13  height                                
20007fc5  writeCommand                          
20007ff5  writeData                             
20008025  Adafruit_Init                         
20008157  goTo                                  
2000819b  Color565                              
200081dd  fillScreen                            
200081f3  fillRect                              
200082a9  drawFastVLine                         
20008345  drawFastHLine                         
200083e1  drawPixel                             
2000841f  invert                                
2000843d  minit                                 
200084cb  malloc                                
20008533  free                                  
200085f5  realloc                               
20008701  memalign                              
200087e5  calloc                                
20008855  GPIO_IF_LedConfigure                  
20008893  GPIO_IF_LedOn                         
20008947  GPIO_IF_LedOff                        
200089fb  GPIO_IF_LedStatus                     
20008a65  GPIO_IF_LedToggle                     
20008a93  GPIO_IF_GetPortNPin                   
20008ad9  GPIO_IF_ConfigureNIntEnable           
20008b21  GPIO_IF_Set                           
20008b65  GPIO_IF_Get                           
20008bb5  write                                 
20008c45  remove                                
20008c45  unlink                                
20008c69  rename                                
20008ca7  remove_device                         
20008ccf  read                                  
20008cf3  open                                  
20008da1  lseek                                 
20008dc5  close                                 
20008e15  add_device                            
20008ec1  HOSTwrite                             
20008f0d  HOSTunlink                            
20008f45  HOSTtime                              
20008f7f  HOSTrename                            
20008fdd  HOSTread                              
20009029  HOSTopen                              
2000907b  HOSTlseek                             
200090d7  HOSTgetenv                            
20009115  HOSTclose                             
2000914d  HOSTclock                             
20009195  InitTerm                              
200091b3  Message                               
200091d5  ClearTerm                             
200091df  Error                                 
20009217  GetCmd                                
200092bd  TrimSpace                             
20009355  Report                                
20009415  sl_WlanConnect                        
20009871  __aeabi_uldivmod                      
20009a65  _SlDrvDataReadOp                      
20009c49  _SlDrvReleasePoolObj                  
20009ee1  __TI_cleanup                          
20009f0d  freopen                               
20009f37  fopen                                 
20009fdd  __aeabi_dsub                          
20009fe7  __aeabi_dadd                          
2000a195  _SlDrvDriverCBInit                    
2000a4e5  _SlDrvWaitForPoolObj                  
2000a675  PRCMCC3200MCUInit                     
2000a95d  sl_Connect                            
2000aac9  _SlDrvDataWriteOp                     
2000ac19  spi_Open                              
2000ad61  __aeabi_ddiv                          
2000ae99  fputs                                 
2000afa5  puts                                  
2000afcd  sl_NetAppDnsGetHostByName             
2000b221  _SlDrvDriverCBDeinit                  
2000b345  sl_Send                               
2000b45d  _Dscale                               
2000b56d  _SlDrvNetAppEventHandler              
2000b671  __aeabi_dmul                          
2000b76d  spi_Read                              
2000b85d  uDMAChannelTransferSet                
2000ba35  sl_Stop                               
2000bb19  sl_Start                              
2000bcd5  setvbuf                               
2000bdb1  _SlDrvMsgReadSpawnCtx                 
2000be85  _sl_HandleAsync_DnsGetHostByService   
2000bf51  PinMuxConfig                          
2000c019  __TI_doflush                          
2000c065  fflush                                
2000c0e1  sl_NetAppMDNSRegisterUnregisterService
2000c26d  _SlDrvCmdOp                           
2000c32d  _Dnorm                                
2000c3ed  sl_DevGet                             
2000c4a1  __TI_wrt_ok                           
2000c503  __TI_rd_ok                            
2000c54d  IntDisable                            
2000c5f5  IntEnable                             
2000c69d  _SlDriverHandleError                  
2000c741  SPIConfigSetExpClk                    
2000c7e1  __aeabi_memcpy                        
2000c7e1  __aeabi_memcpy4                       
2000c7e1  __aeabi_memcpy8                       
2000c7e1  memcpy                                
2000c87d  _SlDrvDeviceEventHandler              
2000c919  __TI_closefile                        
2000c97f  fclose                                
2000c9b1  fputc                                 
2000c9b1  putc                                  
2000ca35  putchar                               
2000ca49  spi_Write                             
2000cae1  PRCMPeripheralClockGet                
2000cb75  _sl_HandleAsync_DnsGetHostByName      
2000cc05  _sl_HandleAsync_PingResponse          
2000cdad  PinConfigSet                          
2000ce35  vsnprintf                             
2000cebd  sl_Recv                               
2000cf45  __aeabi_cdcmpeq                       
2000cf45  __aeabi_cdcmple                       
2000cfcb  __aeabi_cdrcmple                      
2000d051  GPIOIntTypeSet                        
2000d0d5  _sl_HandleAsync_Connect               
2000d155  _sl_HandleAsync_InitComplete          
2000d2d5  sl_DevSet                             
2000d351  sl_NetCfgSet                          
2000d3cd  sl_SetSockOpt                         
2000d449  sl_WlanSet                            
2000d4c5  __aeabi_memclr                        
2000d4c5  __aeabi_memclr4                       
2000d4c5  __aeabi_memclr8                       
2000d4c7  __aeabi_memset                        
2000d4c7  __aeabi_memset4                       
2000d4c7  __aeabi_memset8                       
2000d4cd  memset                                
2000d541  _SlNonOsSemGet                        
2000d5b9  sl_WlanPolicySet                      
2000d631  spi_Close                             
2000d6a9  UARTConfigSetExpClk                   
2000d721  _SlNonOsMainLoopTask                  
2000d79d  printf                                
2000d805  sl_Socket                             
2000d875  _SlDrvCmdSend                         
2000d8e1  _sl_NetAppSendTokenValue              
2000d94d  __TI_auto_init                        
2000d9b9  sl_WlanRxFilterSet                    
2000da91  __TI_writemsg                         
2000dabf  C$$IO$$                               
2000dac3  __TI_readmsg                          
2000daf9  _Dunscale                             
2000db61  _SlNonOsSpawn                         
2000dbc5  _sl_HandleAsync_Accept                
2000dc29  fseek                                 
2000dc8d  uDMAChannelAttributeDisable           
2000dcf1  uDMAChannelAttributeEnable            
2000dd55  sprintf                               
2000ddb5  IntPendClear                          
2000de0d  PRCMPeripheralReset                   
2000de65  ltoa                                  
2000debd  IntPrioritySet                        
2000df11  _SlDrvRxIrqHandler                    
2000df65  _sl_HandleAsync_Select                
2000dfb9  _sl_HandleAsync_Stop                  
2000e009  SPIIntEnable                          
2000e0a1  _SlDrvProtectAsyncRespSetting         
2000e139  atoi                                  
2000e185  copy_in                               
2000e1d1  uDMAChannelAssign                     
2000e265  SPIIntClear                           
2000e2ad  _SlDrvBasicCmd                        
2000e2f5  __aeabi_d2iz                          
2000e33d  sl_NetAppMDNSUnRegisterService        
2000e385  ldexp                                 
2000e455  _SlDrvHandleHttpServerEvents          
2000e499  _SlDrvSyncObjWaitTimeout              
2000e521  C$$EXIT                               
2000e525  abort                                 
2000e52d  exit                                  
2000e565  sl_Close                              
2000e5a9  sl_WlanProfileDel                     
2000e5ed  sl_WlanSetMode                        
2000e631  sl_Htonl                              
2000e675  PinModeSet                            
2000e6b5  _SlDrvHandleNetAppEvents              
2000e6f5  _SlDrvHandleWlanEvents                
2000e775  signal                                
2000e7b5  NwpRegisterInterruptHandler           
2000e831  PRCMPeripheralClkEnable               
2000e86d  _c_int00                              
2000e8a9  sl_Htons                              
2000e8e5  uDMAChannelControlSet                 
2000e921  NwpPowerOff                           
2000e959  GPIODirModeSet                        
2000e991  PRCMPeripheralStatusGet               
2000e9c5  SPIFIFOLevelSet                       
2000e9f9  feraiseexcept                         
2000ea2d  PinTypeGPIO                           
2000ea5d  UARTDisable                           
2000ea8d  strncpy                               
2000eabd  _Feraise                              
2000eaed  __aeabi_i2d                           
2000eb1b  raise                                 
2000eb49  PRCMSysResetCauseGet                  
2000eba1  _SlDrvProtectionObjLockWaitForever    
2000ebcd  _Dclass                               
2000ebf9  PRCMPeripheralClkDisable              
2000ec21  _SlDrvGlobalObjUnLock                 
2000ec49  _SlDrvProtectionObjUnLock             
2000ec71  _SlDrvSyncObjWaitForever              
2000ec99  sl_Provisioning_HttpServerEventHdl    
2000eca7  sl_Provisioning_NetAppEventHdl        
2000ecb3  sl_Provisioning_WlanEventHdl          
2000ecc1  DmaSpiSwIntHandler                    
2000ece5  IntUnregister                         
2000ed09  UARTEnable                            
2000ed2d  _SlDrvObjLockWaitForever              
2000ed51  memmove                               
2000ed75  SPIReset                              
2000ed97  SPIWordCountSet                       
2000edb9  frexp                                 
2000eddb  GPIOPinWrite                          
2000edfd  IntRegister                           
2000ee1d  NwpPowerOn                            
2000ee3d  SPIDataGet                            
2000ee5d  _SlDrvObjUnLock                       
2000ee7d  _SlDrvSyncObjSignal                   
2000ee9d  memchr                                
2000eebd  sl_WlanDisconnect                     
2000eedd  GPIOIntRegister                       
2000eefb  SPIDataPut                            
2000ef19  UARTCharPut                           
2000ef37  UARTIntRegister                       
2000ef55  UARTIntStatus                         
2000ef91  __aeabi_llsl                          
2000efb1  SysTickIntRegister                    
2000efcd  UARTCharGetNonBlocking                
2000efe9  memccpy                               
2000f005  uDMAChannelEnable                     
2000f021  GPIOIntDisable                        
2000f03b  GPIOIntEnable                         
2000f055  PinTypeSPI                            
2000f06f  PinTypeUART                           
2000f089  SPIDmaDisable                         
2000f0a3  SPIDmaEnable                          
2000f0bd  SPIFIFODisable                        
2000f0d7  SPIFIFOEnable                         
2000f0f1  SPIIntUnregister                      
2000f10b  GPIOPinRead                           
2000f123  SPICSDisable                          
2000f13b  SPICSEnable                           
2000f153  SPIDisable                            
2000f16b  SPIEnable                             
2000f185  SysTickPeriodSet                      
2000f19d  UARTCharsAvail                        
2000f1b5  UARTIntDisable                        
2000f1cd  UARTIntEnable                         
2000f1e5  _SlNonOsSemSet                        
2000f215  _args_main                            
2000f22d  strcmp                                
2000f245  PRCMHIBRegRead                        
2000f25b  PRCMHIBRegWrite                       
2000f271  UARTCharGet                           
2000f287  UARTFIFODisable                       
2000f29d  UARTFIFOEnable                        
2000f2b3  _SlDrvMemZero                         
2000f2c9  strchr                                
2000f2df  CPUcpsie                              
2000f2f3  GPIOIntClear                          
2000f309  IntVTableBaseSet                      
2000f31d  _register_unlock                      
2000f323  _register_lock                        
2000f32b  _nop                                  
2000f331  strcpy                                
2000f345  strlen                                
2000f359  UARTIntClear                          
2000f36d  SysTickDisable                        
2000f37d  SysTickEnable                         
2000f38d  SysTickIntEnable                      
2000f39d  _SlDrvDispatchHttpServerEvents        
2000f3ad  _SlDrvResetCmdExt                     
2000f3bb  __TI_decompress_none                  
2000f3c9  ResetISR                              
2000f3d9  NwpMaskInterrupt                      
2000f3e5  NwpUnMaskInterrupt                    
2000f3f1  __TI_zero_init                        
2000f3fd  IntMasterEnable                       
2000f407  UtilsDelay                            
2000f40d  __TI_decompress_rle24                 
2000f413  _system_pre_init                      
2000f913  _ctypes_                              
2000fd6c  OpcodeTranslateTable                  
2000fde4  _SlActionLookupTable                  
2000fed0  _SlNetAppSendTokenValueCmdCtrl        
2000ffa0  __TI_static_base__                    
2001007c  __TI_Handler_Table_Base               
20010088  __TI_Handler_Table_Limit              
20010090  __TI_CINIT_Base                       
200100a0  __TI_CINIT_Limit                      
20017000  _sys_memory                           
2001f168  __CIOBUF_                             
2001f288  __TI_tmpnams                          
2001f328  g_ucDinDout                           
2001f378  g_time                                
2001f3a4  g_ucConnectionSSID                    
2001f3c8  MessageRx                             
2001f3d0  MessageTx                             
2001f3d8  bitsequence                           
2001f3e0  g_ucConnectionBSSID                   
2001f3f4  index                                 
2001f3f8  RxIrqCnt                              
2001f3f9  g_bDeviceRestartIsRequired            
2001f3fa  g_cDummy                              
2001f3fb  g_ucLED1Pin                           
2001f3fc  g_ucLED2Pin                           
2001f3fd  g_ucLED3Pin                           
2001f400  _ftable                               
2001f670  _Denorm                               
2001f680  _Eps                                  
2001f690  _Hugeval                              
2001f6a0  _Inf                                  
2001f6b0  _Nan                                  
2001f6c0  _Snan                                 
2001f6d0  _Rteps                                
2001f6e0  _Xbig                                 
2001f6e8  _Zero                                 
2001f6f0  g__SlNonOsCB                          
2001f740  g_uiLED1Port                          
2001f744  g_uiLED2Port                          
2001f748  g_uiLED3Port                          
2001f74c  cursor_x                              
2001f750  cursor_y                              
2001f754  textsize                              
2001f758  textcolor                             
2001f75c  textbgcolor                           
2001f760  wrap                                  
2001f764  g_ulStatus                            
2001f768  g_ulPingPacketsRecv                   
2001f76c  g_ulGatewayIP                         
2001f770  g_Host                                
2001f774  __TI_ft_end                           
2001f778  __aeabi_stdin                         
2001f77c  __aeabi_stdout                        
2001f780  __aeabi_stderr                        
2001f788  g_pCB                                 
2001f78c  pPingCallBackFunc                     
2001f7a0  g_SpiFd                               
2001f7a4  g_pHostIntHdl                         
2001f7a8  g_ucDMAEnabled                        
2001f7ac  _lock                                 
2001f7b0  _unlock                               
2001f7b4  __TI_cleanup_ptr                      
2001f7b8  __TI_dtors_ptr                        
2001f7bc  _Fenv                                 
2001f7c0  _Tls_setup__Fenv                      
2001f7c4  _Errno                                
2001f7cc  main_func_sp                          
2002f000  __stack                               
20030000  __STACK_END                           
ffffffff  __binit__                             
ffffffff  __c_args__                            
ffffffff  binit                                 
UNDEFED   SHT$$INIT_ARRAY$$Base                 
UNDEFED   SHT$$INIT_ARRAY$$Limit                

[396 symbols]
